Archive member included to satisfy reference by file (symbol)

/home/saeed/Downloads/arm-gnu-toolchain-14.2.rel1-x86_64-arm-none-eabi/bin/../lib/gcc/arm-none-eabi/14.2.1/../../../../arm-none-eabi/lib/thumb/v7e-m+fp/hard/libc_nano.a(libc_a-exit.o)
                              /home/saeed/Downloads/arm-gnu-toolchain-14.2.rel1-x86_64-arm-none-eabi/bin/../lib/gcc/arm-none-eabi/14.2.1/../../../../arm-none-eabi/lib/thumb/v7e-m+fp/hard/crt0.o (exit)
/home/saeed/Downloads/arm-gnu-toolchain-14.2.rel1-x86_64-arm-none-eabi/bin/../lib/gcc/arm-none-eabi/14.2.1/../../../../arm-none-eabi/lib/thumb/v7e-m+fp/hard/libc_nano.a(libc_a-findfp.o)
                              /home/saeed/Downloads/arm-gnu-toolchain-14.2.rel1-x86_64-arm-none-eabi/bin/../lib/gcc/arm-none-eabi/14.2.1/../../../../arm-none-eabi/lib/thumb/v7e-m+fp/hard/libc_nano.a(libc_a-exit.o) (__stdio_exit_handler)
/home/saeed/Downloads/arm-gnu-toolchain-14.2.rel1-x86_64-arm-none-eabi/bin/../lib/gcc/arm-none-eabi/14.2.1/../../../../arm-none-eabi/lib/thumb/v7e-m+fp/hard/libc_nano.a(libc_a-fwalk.o)
                              /home/saeed/Downloads/arm-gnu-toolchain-14.2.rel1-x86_64-arm-none-eabi/bin/../lib/gcc/arm-none-eabi/14.2.1/../../../../arm-none-eabi/lib/thumb/v7e-m+fp/hard/libc_nano.a(libc_a-findfp.o) (_fwalk_sglue)
/home/saeed/Downloads/arm-gnu-toolchain-14.2.rel1-x86_64-arm-none-eabi/bin/../lib/gcc/arm-none-eabi/14.2.1/../../../../arm-none-eabi/lib/thumb/v7e-m+fp/hard/libc_nano.a(libc_a-stdio.o)
                              /home/saeed/Downloads/arm-gnu-toolchain-14.2.rel1-x86_64-arm-none-eabi/bin/../lib/gcc/arm-none-eabi/14.2.1/../../../../arm-none-eabi/lib/thumb/v7e-m+fp/hard/libc_nano.a(libc_a-findfp.o) (__sread)
/home/saeed/Downloads/arm-gnu-toolchain-14.2.rel1-x86_64-arm-none-eabi/bin/../lib/gcc/arm-none-eabi/14.2.1/../../../../arm-none-eabi/lib/thumb/v7e-m+fp/hard/libc_nano.a(libc_a-memset.o)
                              /home/saeed/Downloads/arm-gnu-toolchain-14.2.rel1-x86_64-arm-none-eabi/bin/../lib/gcc/arm-none-eabi/14.2.1/../../../../arm-none-eabi/lib/thumb/v7e-m+fp/hard/crt0.o (memset)
/home/saeed/Downloads/arm-gnu-toolchain-14.2.rel1-x86_64-arm-none-eabi/bin/../lib/gcc/arm-none-eabi/14.2.1/../../../../arm-none-eabi/lib/thumb/v7e-m+fp/hard/libc_nano.a(libc_a-closer.o)
                              /home/saeed/Downloads/arm-gnu-toolchain-14.2.rel1-x86_64-arm-none-eabi/bin/../lib/gcc/arm-none-eabi/14.2.1/../../../../arm-none-eabi/lib/thumb/v7e-m+fp/hard/libc_nano.a(libc_a-stdio.o) (_close_r)
/home/saeed/Downloads/arm-gnu-toolchain-14.2.rel1-x86_64-arm-none-eabi/bin/../lib/gcc/arm-none-eabi/14.2.1/../../../../arm-none-eabi/lib/thumb/v7e-m+fp/hard/libc_nano.a(libc_a-reent.o)
                              /home/saeed/Downloads/arm-gnu-toolchain-14.2.rel1-x86_64-arm-none-eabi/bin/../lib/gcc/arm-none-eabi/14.2.1/../../../../arm-none-eabi/lib/thumb/v7e-m+fp/hard/libc_nano.a(libc_a-closer.o) (errno)
/home/saeed/Downloads/arm-gnu-toolchain-14.2.rel1-x86_64-arm-none-eabi/bin/../lib/gcc/arm-none-eabi/14.2.1/../../../../arm-none-eabi/lib/thumb/v7e-m+fp/hard/libc_nano.a(libc_a-impure.o)
                              /home/saeed/Downloads/arm-gnu-toolchain-14.2.rel1-x86_64-arm-none-eabi/bin/../lib/gcc/arm-none-eabi/14.2.1/../../../../arm-none-eabi/lib/thumb/v7e-m+fp/hard/libc_nano.a(libc_a-reent.o) (_impure_ptr)
/home/saeed/Downloads/arm-gnu-toolchain-14.2.rel1-x86_64-arm-none-eabi/bin/../lib/gcc/arm-none-eabi/14.2.1/../../../../arm-none-eabi/lib/thumb/v7e-m+fp/hard/libc_nano.a(libc_a-lseekr.o)
                              /home/saeed/Downloads/arm-gnu-toolchain-14.2.rel1-x86_64-arm-none-eabi/bin/../lib/gcc/arm-none-eabi/14.2.1/../../../../arm-none-eabi/lib/thumb/v7e-m+fp/hard/libc_nano.a(libc_a-stdio.o) (_lseek_r)
/home/saeed/Downloads/arm-gnu-toolchain-14.2.rel1-x86_64-arm-none-eabi/bin/../lib/gcc/arm-none-eabi/14.2.1/../../../../arm-none-eabi/lib/thumb/v7e-m+fp/hard/libc_nano.a(libc_a-readr.o)
                              /home/saeed/Downloads/arm-gnu-toolchain-14.2.rel1-x86_64-arm-none-eabi/bin/../lib/gcc/arm-none-eabi/14.2.1/../../../../arm-none-eabi/lib/thumb/v7e-m+fp/hard/libc_nano.a(libc_a-stdio.o) (_read_r)
/home/saeed/Downloads/arm-gnu-toolchain-14.2.rel1-x86_64-arm-none-eabi/bin/../lib/gcc/arm-none-eabi/14.2.1/../../../../arm-none-eabi/lib/thumb/v7e-m+fp/hard/libc_nano.a(libc_a-writer.o)
                              /home/saeed/Downloads/arm-gnu-toolchain-14.2.rel1-x86_64-arm-none-eabi/bin/../lib/gcc/arm-none-eabi/14.2.1/../../../../arm-none-eabi/lib/thumb/v7e-m+fp/hard/libc_nano.a(libc_a-stdio.o) (_write_r)
/home/saeed/Downloads/arm-gnu-toolchain-14.2.rel1-x86_64-arm-none-eabi/bin/../lib/gcc/arm-none-eabi/14.2.1/../../../../arm-none-eabi/lib/thumb/v7e-m+fp/hard/libc_nano.a(libc_a-init.o)
                              /home/saeed/Downloads/arm-gnu-toolchain-14.2.rel1-x86_64-arm-none-eabi/bin/../lib/gcc/arm-none-eabi/14.2.1/../../../../arm-none-eabi/lib/thumb/v7e-m+fp/hard/crt0.o (__libc_init_array)
[...]
Memory Configuration

Name             Origin             Length             Attributes
RAM              0x20000000         0x00020000         xrw
CCMRAM           0x10000000         0x00010000         xrw
FLASH            0x08000000         0x00100000         xr
*default*        0x00000000         0xffffffff

Linker script and memory map

LOAD /home/saeed/Downloads/arm-gnu-toolchain-14.2.rel1-x86_64-arm-none-eabi/bin/../lib/gcc/arm-none-eabi/14.2.1/thumb/v7e-m+fp/hard/crti.o
LOAD /home/saeed/Downloads/arm-gnu-toolchain-14.2.rel1-x86_64-arm-none-eabi/bin/../lib/gcc/arm-none-eabi/14.2.1/thumb/v7e-m+fp/hard/crtbegin.o
LOAD /home/saeed/Downloads/arm-gnu-toolchain-14.2.rel1-x86_64-arm-none-eabi/bin/../lib/gcc/arm-none-eabi/14.2.1/../../../../arm-none-eabi/lib/thumb/v7e-m+fp/hard/crt0.o
START GROUP
LOAD /home/saeed/Downloads/arm-gnu-toolchain-14.2.rel1-x86_64-arm-none-eabi/bin/../lib/gcc/arm-none-eabi/14.2.1/../../../../arm-none-eabi/lib/thumb/v7e-m+fp/hard/libc_nano.a
LOAD /home/saeed/Downloads/arm-gnu-toolchain-14.2.rel1-x86_64-arm-none-eabi/bin/../lib/gcc/arm-none-eabi/14.2.1/../../../../arm-none-eabi/lib/thumb/v7e-m+fp/hard/libm.a
END GROUP
LOAD cmake/stm32cubemx/CMakeFiles/STM32_Drivers.dir/__/__/Core/Src/system_stm32f4xx.c.obj
LOAD cmake/stm32cubemx/CMakeFiles/STM32_Drivers.dir/__/__/Drivers/STM32F4xx_HAL_Driver/Src/stm32f4xx_hal_hcd.c.obj
LOAD cmake/stm32cubemx/CMakeFiles/STM32_Drivers.dir/__/__/Drivers/STM32F4xx_HAL_Driver/Src/stm32f4xx_ll_usb.c.obj
LOAD cmake/stm32cubemx/CMakeFiles/STM32_Drivers.dir/__/__/Drivers/STM32F4xx_HAL_Driver/Src/stm32f4xx_hal_rcc.c.obj
LOAD cmake/stm32cubemx/CMakeFiles/STM32_Drivers.dir/__/__/Drivers/STM32F4xx_HAL_Driver/Src/stm32f4xx_hal_rcc_ex.c.obj
LOAD cmake/stm32cubemx/CMakeFiles/STM32_Drivers.dir/__/__/Drivers/STM32F4xx_HAL_Driver/Src/stm32f4xx_hal_flash.c.obj
LOAD cmake/stm32cubemx/CMakeFiles/STM32_Drivers.dir/__/__/Drivers/STM32F4xx_HAL_Driver/Src/stm32f4xx_hal_flash_ex.c.obj
LOAD cmake/stm32cubemx/CMakeFiles/STM32_Drivers.dir/__/__/Drivers/STM32F4xx_HAL_Driver/Src/stm32f4xx_hal_flash_ramfunc.c.obj
LOAD cmake/stm32cubemx/CMakeFiles/STM32_Drivers.dir/__/__/Drivers/STM32F4xx_HAL_Driver/Src/stm32f4xx_hal_gpio.c.obj
LOAD cmake/stm32cubemx/CMakeFiles/STM32_Drivers.dir/__/__/Drivers/STM32F4xx_HAL_Driver/Src/stm32f4xx_hal_dma_ex.c.obj
LOAD cmake/stm32cubemx/CMakeFiles/STM32_Drivers.dir/__/__/Drivers/STM32F4xx_HAL_Driver/Src/stm32f4xx_hal_dma.c.obj
LOAD cmake/stm32cubemx/CMakeFiles/STM32_Drivers.dir/__/__/Drivers/STM32F4xx_HAL_Driver/Src/stm32f4xx_hal_pwr.c.obj
LOAD cmake/stm32cubemx/CMakeFiles/STM32_Drivers.dir/__/__/Drivers/STM32F4xx_HAL_Driver/Src/stm32f4xx_hal_pwr_ex.c.obj
LOAD cmake/stm32cubemx/CMakeFiles/STM32_Drivers.dir/__/__/Drivers/STM32F4xx_HAL_Driver/Src/stm32f4xx_hal_cortex.c.obj
LOAD cmake/stm32cubemx/CMakeFiles/STM32_Drivers.dir/__/__/Drivers/STM32F4xx_HAL_Driver/Src/stm32f4xx_hal.c.obj
LOAD cmake/stm32cubemx/CMakeFiles/STM32_Drivers.dir/__/__/Drivers/STM32F4xx_HAL_Driver/Src/stm32f4xx_hal_exti.c.obj
LOAD cmake/stm32cubemx/CMakeFiles/STM32_Drivers.dir/__/__/Drivers/STM32F4xx_HAL_Driver/Src/stm32f4xx_hal_i2c.c.obj
LOAD cmake/stm32cubemx/CMakeFiles/STM32_Drivers.dir/__/__/Drivers/STM32F4xx_HAL_Driver/Src/stm32f4xx_hal_i2c_ex.c.obj
LOAD cmake/stm32cubemx/CMakeFiles/STM32_Drivers.dir/__/__/Drivers/STM32F4xx_HAL_Driver/Src/stm32f4xx_hal_i2s.c.obj
LOAD cmake/stm32cubemx/CMakeFiles/STM32_Drivers.dir/__/__/Drivers/STM32F4xx_HAL_Driver/Src/stm32f4xx_hal_i2s_ex.c.obj
LOAD cmake/stm32cubemx/CMakeFiles/STM32_Drivers.dir/__/__/Drivers/STM32F4xx_HAL_Driver/Src/stm32f4xx_hal_spi.c.obj
LOAD cmake/stm32cubemx/CMakeFiles/USB_Host_Library.dir/__/__/Middlewares/ST/STM32_USB_Host_Library/Core/Src/usbh_core.c.obj
LOAD cmake/stm32cubemx/CMakeFiles/USB_Host_Library.dir/__/__/Middlewares/ST/STM32_USB_Host_Library/Core/Src/usbh_ctlreq.c.obj
LOAD cmake/stm32cubemx/CMakeFiles/USB_Host_Library.dir/__/__/Middlewares/ST/STM32_USB_Host_Library/Core/Src/usbh_ioreq.c.obj
LOAD cmake/stm32cubemx/CMakeFiles/USB_Host_Library.dir/__/__/Middlewares/ST/STM32_USB_Host_Library/Core/Src/usbh_pipes.c.obj
LOAD cmake/stm32cubemx/CMakeFiles/USB_Host_Library.dir/__/__/Middlewares/ST/STM32_USB_Host_Library/Class/CDC/Src/usbh_cdc.c.obj
LOAD CMakeFiles/vscode_stm.dir/USB_HOST/App/usb_host.c.obj
LOAD CMakeFiles/vscode_stm.dir/USB_HOST/Target/usbh_conf.c.obj
LOAD CMakeFiles/vscode_stm.dir/USB_HOST/Target/usbh_platform.c.obj
LOAD CMakeFiles/vscode_stm.dir/Core/Src/main.c.obj
LOAD CMakeFiles/vscode_stm.dir/Core/Src/stm32f4xx_it.c.obj
LOAD CMakeFiles/vscode_stm.dir/Core/Src/stm32f4xx_hal_msp.c.obj
LOAD CMakeFiles/vscode_stm.dir/Core/Src/sysmem.c.obj
LOAD CMakeFiles/vscode_stm.dir/Core/Src/syscalls.c.obj
LOAD CMakeFiles/vscode_stm.dir/startup_stm32f407xx.s.obj
START GROUP
LOAD /home/saeed/Downloads/arm-gnu-toolchain-14.2.rel1-x86_64-arm-none-eabi/bin/../lib/gcc/arm-none-eabi/14.2.1/thumb/v7e-m+fp/hard/libgcc.a
LOAD /home/saeed/Downloads/arm-gnu-toolchain-14.2.rel1-x86_64-arm-none-eabi/bin/../lib/gcc/arm-none-eabi/14.2.1/../../../../arm-none-eabi/lib/thumb/v7e-m+fp/hard/libg_nano.a
LOAD /home/saeed/Downloads/arm-gnu-toolchain-14.2.rel1-x86_64-arm-none-eabi/bin/../lib/gcc/arm-none-eabi/14.2.1/../../../../arm-none-eabi/lib/thumb/v7e-m+fp/hard/libc_nano.a
END GROUP
START GROUP
LOAD /home/saeed/Downloads/arm-gnu-toolchain-14.2.rel1-x86_64-arm-none-eabi/bin/../lib/gcc/arm-none-eabi/14.2.1/thumb/v7e-m+fp/hard/libgcc.a
LOAD /home/saeed/Downloads/arm-gnu-toolchain-14.2.rel1-x86_64-arm-none-eabi/bin/../lib/gcc/arm-none-eabi/14.2.1/../../../../arm-none-eabi/lib/thumb/v7e-m+fp/hard/libc_nano.a
END GROUP
LOAD /home/saeed/Downloads/arm-gnu-toolchain-14.2.rel1-x86_64-arm-none-eabi/bin/../lib/gcc/arm-none-eabi/14.2.1/thumb/v7e-m+fp/hard/crtend.o
LOAD /home/saeed/Downloads/arm-gnu-toolchain-14.2.rel1-x86_64-arm-none-eabi/bin/../lib/gcc/arm-none-eabi/14.2.1/thumb/v7e-m+fp/hard/crtn.o
                0x20020000                        _estack = (ORIGIN (RAM) + LENGTH (RAM))
                0x00000200                        _Min_Heap_Size = 0x200
                0x00000400                        _Min_Stack_Size = 0x400

.isr_vector     0x08000000      0x188
                0x08000000                        . = ALIGN (0x4)
 *(.isr_vector)
 .isr_vector    0x08000000      0x188 CMakeFiles/vscode_stm.dir/startup_stm32f407xx.s.obj
                0x08000000                g_pfnVectors
                0x08000188                        . = ALIGN (0x4)

.text           0x08000190     0x97a0
                0x08000190                        . = ALIGN (0x4)
 *(.text)
 .text          0x08000190       0x30 /home/saeed/Downloads/arm-gnu-toolchain-14.2.rel1-x86_64-arm-none-eabi/bin/../lib/gcc/arm-none-eabi/14.2.1/thumb/v7e-m+fp/hard/libgcc.a(_aeabi_uldivmod.o)
                0x08000190                __aeabi_uldivmod
 .text          0x080001c0        0x4 /home/saeed/Downloads/arm-gnu-toolchain-14.2.rel1-x86_64-arm-none-eabi/bin/../lib/gcc/arm-none-eabi/14.2.1/thumb/v7e-m+fp/hard/libgcc.a(_dvmd_tls.o)
                0x080001c0                __aeabi_ldiv0
                0x080001c0                __aeabi_idiv0
 *fill*         0x080001c4        0xc 
 .text          0x080001d0       0xa0 /home/saeed/Downloads/arm-gnu-toolchain-14.2.rel1-x86_64-arm-none-eabi/bin/../lib/gcc/arm-none-eabi/14.2.1/../../../../arm-none-eabi/lib/thumb/v7e-m+fp/hard/libg_nano.a(libc_a-memchr.o)
                0x080001d0                memchr
 *(.text*)
 .text.deregister_tm_clones
                0x08000270       0x1c /home/saeed/Downloads/arm-gnu-toolchain-14.2.rel1-x86_64-arm-none-eabi/bin/../lib/gcc/arm-none-eabi/14.2.1/thumb/v7e-m+fp/hard/crtbegin.o
 .text.register_tm_clones
                0x0800028c       0x24 /home/saeed/Downloads/arm-gnu-toolchain-14.2.rel1-x86_64-arm-none-eabi/bin/../lib/gcc/arm-none-eabi/14.2.1/thumb/v7e-m+fp/hard/crtbegin.o
 .text.__do_global_dtors_aux
                0x080002b0       0x28 /home/saeed/Downloads/arm-gnu-toolchain-14.2.rel1-x86_64-arm-none-eabi/bin/../lib/gcc/arm-none-eabi/14.2.1/thumb/v7e-m+fp/hard/crtbegin.o
 .text.frame_dummy
                0x080002d8       0x24 /home/saeed/Downloads/arm-gnu-toolchain-14.2.rel1-x86_64-arm-none-eabi/bin/../lib/gcc/arm-none-eabi/14.2.1/thumb/v7e-m+fp/hard/crtbegin.o
 .text.std      0x080002fc       0x6c /home/saeed/Downloads/arm-gnu-toolchain-14.2.rel1-x86_64-arm-none-eabi/bin/../lib/gcc/arm-none-eabi/14.2.1/../../../../arm-none-eabi/lib/thumb/v7e-m+fp/hard/libc_nano.a(libc_a-findfp.o)
 .text.stdio_exit_handler
                0x08000368       0x18 /home/saeed/Downloads/arm-gnu-toolchain-14.2.rel1-x86_64-arm-none-eabi/bin/../lib/gcc/arm-none-eabi/14.2.1/../../../../arm-none-eabi/lib/thumb/v7e-m+fp/hard/libc_nano.a(libc_a-findfp.o)
 .text.cleanup_stdio
                0x08000380       0x40 /home/saeed/Downloads/arm-gnu-toolchain-14.2.rel1-x86_64-arm-none-eabi/bin/../lib/gcc/arm-none-eabi/14.2.1/../../../../arm-none-eabi/lib/thumb/v7e-m+fp/hard/libc_nano.a(libc_a-findfp.o)
 .text.global_stdio_init.part.0
                0x080003c0       0x40 /home/saeed/Downloads/arm-gnu-toolchain-14.2.rel1-x86_64-arm-none-eabi/bin/../lib/gcc/arm-none-eabi/14.2.1/../../../../arm-none-eabi/lib/thumb/v7e-m+fp/hard/libc_nano.a(libc_a-findfp.o)
 .text.__sfp_lock_acquire
                0x08000400        0xc /home/saeed/Downloads/arm-gnu-toolchain-14.2.rel1-x86_64-arm-none-eabi/bin/../lib/gcc/arm-none-eabi/14.2.1/../../../../arm-none-eabi/lib/thumb/v7e-m+fp/hard/libc_nano.a(libc_a-findfp.o)
                0x08000400                __sfp_lock_acquire
 .text.__sfp_lock_release
                0x0800040c        0xc /home/saeed/Downloads/arm-gnu-toolchain-14.2.rel1-x86_64-arm-none-eabi/bin/../lib/gcc/arm-none-eabi/14.2.1/../../../../arm-none-eabi/lib/thumb/v7e-m+fp/hard/libc_nano.a(libc_a-findfp.o)
                0x0800040c                __sfp_lock_release
 .text.__sinit  0x08000418       0x30 /home/saeed/Downloads/arm-gnu-toolchain-14.2.rel1-x86_64-arm-none-eabi/bin/../lib/gcc/arm-none-eabi/14.2.1/../../../../arm-none-eabi/lib/thumb/v7e-m+fp/hard/libc_nano.a(libc_a-findfp.o)
                0x08000418                __sinit
 .text._fwalk_sglue
                0x08000448       0x3c /home/saeed/Downloads/arm-gnu-toolchain-14.2.rel1-x86_64-arm-none-eabi/bin/../lib/gcc/arm-none-eabi/14.2.1/../../../../arm-none-eabi/lib/thumb/v7e-m+fp/hard/libc_nano.a(libc_a-fwalk.o)
                0x08000448                _fwalk_sglue
 .text.__sread  0x08000484       0x22 /home/saeed/Downloads/arm-gnu-toolchain-14.2.rel1-x86_64-arm-none-eabi/bin/../lib/gcc/arm-none-eabi/14.2.1/../../../../arm-none-eabi/lib/thumb/v7e-m+fp/hard/libc_nano.a(libc_a-stdio.o)
                0x08000484                __sread
 .text.__swrite
                0x080004a6       0x38 /home/saeed/Downloads/arm-gnu-toolchain-14.2.rel1-x86_64-arm-none-eabi/bin/../lib/gcc/arm-none-eabi/14.2.1/../../../../arm-none-eabi/lib/thumb/v7e-m+fp/hard/libc_nano.a(libc_a-stdio.o)
                0x080004a6                __swrite
 .text.__sseek  0x080004de       0x26 /home/saeed/Downloads/arm-gnu-toolchain-14.2.rel1-x86_64-arm-none-eabi/bin/../lib/gcc/arm-none-eabi/14.2.1/../../../../arm-none-eabi/lib/thumb/v7e-m+fp/hard/libc_nano.a(libc_a-stdio.o)
                0x080004de                __sseek
 .text.__sclose
                0x08000504        0x8 /home/saeed/Downloads/arm-gnu-toolchain-14.2.rel1-x86_64-arm-none-eabi/bin/../lib/gcc/arm-none-eabi/14.2.1/../../../../arm-none-eabi/lib/thumb/v7e-m+fp/hard/libc_nano.a(libc_a-stdio.o)
                0x08000504                __sclose
 .text.memset   0x0800050c       0x10 /home/saeed/Downloads/arm-gnu-toolchain-14.2.rel1-x86_64-arm-none-eabi/bin/../lib/gcc/arm-none-eabi/14.2.1/../../../../arm-none-eabi/lib/thumb/v7e-m+fp/hard/libc_nano.a(libc_a-memset.o)
                0x0800050c                memset
 .text._close_r
                0x0800051c       0x20 /home/saeed/Downloads/arm-gnu-toolchain-14.2.rel1-x86_64-arm-none-eabi/bin/../lib/gcc/arm-none-eabi/14.2.1/../../../../arm-none-eabi/lib/thumb/v7e-m+fp/hard/libc_nano.a(libc_a-closer.o)
                0x0800051c                _close_r
 .text._lseek_r
                0x0800053c       0x24 /home/saeed/Downloads/arm-gnu-toolchain-14.2.rel1-x86_64-arm-none-eabi/bin/../lib/gcc/arm-none-eabi/14.2.1/../../../../arm-none-eabi/lib/thumb/v7e-m+fp/hard/libc_nano.a(libc_a-lseekr.o)
                0x0800053c                _lseek_r
 .text._read_r  0x08000560       0x24 /home/saeed/Downloads/arm-gnu-toolchain-14.2.rel1-x86_64-arm-none-eabi/bin/../lib/gcc/arm-none-eabi/14.2.1/../../../../arm-none-eabi/lib/thumb/v7e-m+fp/hard/libc_nano.a(libc_a-readr.o)
                0x08000560                _read_r
 .text._write_r
                0x08000584       0x24 /home/saeed/Downloads/arm-gnu-toolchain-14.2.rel1-x86_64-arm-none-eabi/bin/../lib/gcc/arm-none-eabi/14.2.1/../../../../arm-none-eabi/lib/thumb/v7e-m+fp/hard/libc_nano.a(libc_a-writer.o)
                0x08000584                _write_r
 .text.__libc_init_array
                0x080005a8       0x48 /home/saeed/Downloads/arm-gnu-toolchain-14.2.rel1-x86_64-arm-none-eabi/bin/../lib/gcc/arm-none-eabi/14.2.1/../../../../arm-none-eabi/lib/thumb/v7e-m+fp/hard/libc_nano.a(libc_a-init.o)
                0x080005a8                __libc_init_array
 .text.__retarget_lock_init_recursive
                0x080005f0        0x2 /home/saeed/Downloads/arm-gnu-toolchain-14.2.rel1-x86_64-arm-none-eabi/bin/../lib/gcc/arm-none-eabi/14.2.1/../../../../arm-none-eabi/lib/thumb/v7e-m+fp/hard/libc_nano.a(libc_a-lock.o)
                0x080005f0                __retarget_lock_init_recursive
 .text.__retarget_lock_acquire_recursive
                0x080005f2        0x2 /home/saeed/Downloads/arm-gnu-toolchain-14.2.rel1-x86_64-arm-none-eabi/bin/../lib/gcc/arm-none-eabi/14.2.1/../../../../arm-none-eabi/lib/thumb/v7e-m+fp/hard/libc_nano.a(libc_a-lock.o)
                0x080005f2                __retarget_lock_acquire_recursive
 .text.__retarget_lock_release_recursive
                0x080005f4        0x2 /home/saeed/Downloads/arm-gnu-toolchain-14.2.rel1-x86_64-arm-none-eabi/bin/../lib/gcc/arm-none-eabi/14.2.1/../../../../arm-none-eabi/lib/thumb/v7e-m+fp/hard/libc_nano.a(libc_a-lock.o)
                0x080005f4                __retarget_lock_release_recursive
 *fill*         0x080005f6        0x2 
 .text._free_r  0x080005f8       0x94 /home/saeed/Downloads/arm-gnu-toolchain-14.2.rel1-x86_64-arm-none-eabi/bin/../lib/gcc/arm-none-eabi/14.2.1/../../../../arm-none-eabi/lib/thumb/v7e-m+fp/hard/libc_nano.a(libc_a-freer.o)
                0x080005f8                _free_r
 .text.sbrk_aligned
                0x0800068c       0x44 /home/saeed/Downloads/arm-gnu-toolchain-14.2.rel1-x86_64-arm-none-eabi/bin/../lib/gcc/arm-none-eabi/14.2.1/../../../../arm-none-eabi/lib/thumb/v7e-m+fp/hard/libc_nano.a(libc_a-mallocr.o)
 .text._malloc_r
                0x080006d0      0x100 /home/saeed/Downloads/arm-gnu-toolchain-14.2.rel1-x86_64-arm-none-eabi/bin/../lib/gcc/arm-none-eabi/14.2.1/../../../../arm-none-eabi/lib/thumb/v7e-m+fp/hard/libc_nano.a(libc_a-mallocr.o)
                0x080006d0                _malloc_r
 .text.__malloc_lock
                0x080007d0        0xc /home/saeed/Downloads/arm-gnu-toolchain-14.2.rel1-x86_64-arm-none-eabi/bin/../lib/gcc/arm-none-eabi/14.2.1/../../../../arm-none-eabi/lib/thumb/v7e-m+fp/hard/libc_nano.a(libc_a-mlock.o)
                0x080007d0                __malloc_lock
 .text.__malloc_unlock
                0x080007dc        0xc /home/saeed/Downloads/arm-gnu-toolchain-14.2.rel1-x86_64-arm-none-eabi/bin/../lib/gcc/arm-none-eabi/14.2.1/../../../../arm-none-eabi/lib/thumb/v7e-m+fp/hard/libc_nano.a(libc_a-mlock.o)
                0x080007dc                __malloc_unlock
 .text.__sflush_r
                0x080007e8      0x104 /home/saeed/Downloads/arm-gnu-toolchain-14.2.rel1-x86_64-arm-none-eabi/bin/../lib/gcc/arm-none-eabi/14.2.1/../../../../arm-none-eabi/lib/thumb/v7e-m+fp/hard/libc_nano.a(libc_a-fflush.o)
                0x080007e8                __sflush_r
 .text._fflush_r
                0x080008ec       0x50 /home/saeed/Downloads/arm-gnu-toolchain-14.2.rel1-x86_64-arm-none-eabi/bin/../lib/gcc/arm-none-eabi/14.2.1/../../../../arm-none-eabi/lib/thumb/v7e-m+fp/hard/libc_nano.a(libc_a-fflush.o)
                0x080008ec                _fflush_r
 .text._sbrk_r  0x0800093c       0x20 /home/saeed/Downloads/arm-gnu-toolchain-14.2.rel1-x86_64-arm-none-eabi/bin/../lib/gcc/arm-none-eabi/14.2.1/../../../../arm-none-eabi/lib/thumb/v7e-m+fp/hard/libc_nano.a(libc_a-sbrkr.o)
                0x0800093c                _sbrk_r
 .text.SystemInit
                0x0800095c       0x24 cmake/stm32cubemx/CMakeFiles/STM32_Drivers.dir/__/__/Core/Src/system_stm32f4xx.c.obj
                0x0800095c                SystemInit
 .text.HAL_HCD_Init
                0x08000980       0xce cmake/stm32cubemx/CMakeFiles/STM32_Drivers.dir/__/__/Drivers/STM32F4xx_HAL_Driver/Src/stm32f4xx_hal_hcd.c.obj
                0x08000980                HAL_HCD_Init
 .text.HAL_HCD_HC_Init
                0x08000a4e      0x170 cmake/stm32cubemx/CMakeFiles/STM32_Drivers.dir/__/__/Drivers/STM32F4xx_HAL_Driver/Src/stm32f4xx_hal_hcd.c.obj
                0x08000a4e                HAL_HCD_HC_Init
 .text.HAL_HCD_HC_Halt
                0x08000bbe       0x46 cmake/stm32cubemx/CMakeFiles/STM32_Drivers.dir/__/__/Drivers/STM32F4xx_HAL_Driver/Src/stm32f4xx_hal_hcd.c.obj
                0x08000bbe                HAL_HCD_HC_Halt
 .text.HAL_HCD_HC_SubmitRequest
                0x08000c04      0x33c cmake/stm32cubemx/CMakeFiles/STM32_Drivers.dir/__/__/Drivers/STM32F4xx_HAL_Driver/Src/stm32f4xx_hal_hcd.c.obj
                0x08000c04                HAL_HCD_HC_SubmitRequest
 .text.HAL_HCD_IRQHandler
                0x08000f40      0x220 cmake/stm32cubemx/CMakeFiles/STM32_Drivers.dir/__/__/Drivers/STM32F4xx_HAL_Driver/Src/stm32f4xx_hal_hcd.c.obj
                0x08000f40                HAL_HCD_IRQHandler
 .text.HAL_HCD_Start
                0x08001160       0x46 cmake/stm32cubemx/CMakeFiles/STM32_Drivers.dir/__/__/Drivers/STM32F4xx_HAL_Driver/Src/stm32f4xx_hal_hcd.c.obj
                0x08001160                HAL_HCD_Start
 .text.HAL_HCD_Stop
                0x080011a6       0x3a cmake/stm32cubemx/CMakeFiles/STM32_Drivers.dir/__/__/Drivers/STM32F4xx_HAL_Driver/Src/stm32f4xx_hal_hcd.c.obj
                0x080011a6                HAL_HCD_Stop
 .text.HAL_HCD_ResetPort
                0x080011e0       0x1c cmake/stm32cubemx/CMakeFiles/STM32_Drivers.dir/__/__/Drivers/STM32F4xx_HAL_Driver/Src/stm32f4xx_hal_hcd.c.obj
                0x080011e0                HAL_HCD_ResetPort
 .text.HAL_HCD_HC_GetURBState
                0x080011fc       0x2a cmake/stm32cubemx/CMakeFiles/STM32_Drivers.dir/__/__/Drivers/STM32F4xx_HAL_Driver/Src/stm32f4xx_hal_hcd.c.obj
                0x080011fc                HAL_HCD_HC_GetURBState
 .text.HAL_HCD_HC_GetXferCount
                0x08001226       0x2a cmake/stm32cubemx/CMakeFiles/STM32_Drivers.dir/__/__/Drivers/STM32F4xx_HAL_Driver/Src/stm32f4xx_hal_hcd.c.obj
                0x08001226                HAL_HCD_HC_GetXferCount
 .text.HAL_HCD_GetCurrentFrame
                0x08001250       0x1c cmake/stm32cubemx/CMakeFiles/STM32_Drivers.dir/__/__/Drivers/STM32F4xx_HAL_Driver/Src/stm32f4xx_hal_hcd.c.obj
                0x08001250                HAL_HCD_GetCurrentFrame
 .text.HAL_HCD_GetCurrentSpeed
                0x0800126c       0x1c cmake/stm32cubemx/CMakeFiles/STM32_Drivers.dir/__/__/Drivers/STM32F4xx_HAL_Driver/Src/stm32f4xx_hal_hcd.c.obj
                0x0800126c                HAL_HCD_GetCurrentSpeed
 .text.HAL_HCD_HC_ClearHubInfo
                0x08001288       0x6a cmake/stm32cubemx/CMakeFiles/STM32_Drivers.dir/__/__/Drivers/STM32F4xx_HAL_Driver/Src/stm32f4xx_hal_hcd.c.obj
                0x08001288                HAL_HCD_HC_ClearHubInfo
 .text.HCD_HC_IN_IRQHandler
                0x080012f2      0xcd2 cmake/stm32cubemx/CMakeFiles/STM32_Drivers.dir/__/__/Drivers/STM32F4xx_HAL_Driver/Src/stm32f4xx_hal_hcd.c.obj
 .text.HCD_HC_OUT_IRQHandler
                0x08001fc4      0x94a cmake/stm32cubemx/CMakeFiles/STM32_Drivers.dir/__/__/Drivers/STM32F4xx_HAL_Driver/Src/stm32f4xx_hal_hcd.c.obj
 .text.HCD_RXQLVL_IRQHandler
                0x0800290e      0x1be cmake/stm32cubemx/CMakeFiles/STM32_Drivers.dir/__/__/Drivers/STM32F4xx_HAL_Driver/Src/stm32f4xx_hal_hcd.c.obj
 .text.HCD_Port_IRQHandler
                0x08002acc       0xe6 cmake/stm32cubemx/CMakeFiles/STM32_Drivers.dir/__/__/Drivers/STM32F4xx_HAL_Driver/Src/stm32f4xx_hal_hcd.c.obj
 .text.USB_CoreInit
                0x08002bb2       0xc8 cmake/stm32cubemx/CMakeFiles/STM32_Drivers.dir/__/__/Drivers/STM32F4xx_HAL_Driver/Src/stm32f4xx_ll_usb.c.obj
                0x08002bb2                USB_CoreInit
 .text.USB_EnableGlobalInt
                0x08002c7a       0x22 cmake/stm32cubemx/CMakeFiles/STM32_Drivers.dir/__/__/Drivers/STM32F4xx_HAL_Driver/Src/stm32f4xx_ll_usb.c.obj
                0x08002c7a                USB_EnableGlobalInt
 .text.USB_DisableGlobalInt
                0x08002c9c       0x22 cmake/stm32cubemx/CMakeFiles/STM32_Drivers.dir/__/__/Drivers/STM32F4xx_HAL_Driver/Src/stm32f4xx_ll_usb.c.obj
                0x08002c9c                USB_DisableGlobalInt
 .text.USB_SetCurrentMode
                0x08002cbe       0x98 cmake/stm32cubemx/CMakeFiles/STM32_Drivers.dir/__/__/Drivers/STM32F4xx_HAL_Driver/Src/stm32f4xx_ll_usb.c.obj
                0x08002cbe                USB_SetCurrentMode
 .text.USB_FlushTxFifo
                0x08002d56       0x64 cmake/stm32cubemx/CMakeFiles/STM32_Drivers.dir/__/__/Drivers/STM32F4xx_HAL_Driver/Src/stm32f4xx_ll_usb.c.obj
                0x08002d56                USB_FlushTxFifo
 .text.USB_FlushRxFifo
                0x08002dba       0x5c cmake/stm32cubemx/CMakeFiles/STM32_Drivers.dir/__/__/Drivers/STM32F4xx_HAL_Driver/Src/stm32f4xx_ll_usb.c.obj
                0x08002dba                USB_FlushRxFifo
 .text.USB_WritePacket
                0x08002e16       0x7c cmake/stm32cubemx/CMakeFiles/STM32_Drivers.dir/__/__/Drivers/STM32F4xx_HAL_Driver/Src/stm32f4xx_ll_usb.c.obj
                0x08002e16                USB_WritePacket
 .text.USB_ReadPacket
                0x08002e92       0xb0 cmake/stm32cubemx/CMakeFiles/STM32_Drivers.dir/__/__/Drivers/STM32F4xx_HAL_Driver/Src/stm32f4xx_ll_usb.c.obj
                0x08002e92                USB_ReadPacket
 .text.USB_ReadInterrupts
                0x08002f42       0x26 cmake/stm32cubemx/CMakeFiles/STM32_Drivers.dir/__/__/Drivers/STM32F4xx_HAL_Driver/Src/stm32f4xx_ll_usb.c.obj
                0x08002f42                USB_ReadInterrupts
 .text.USB_ReadChInterrupts
                0x08002f68       0x42 cmake/stm32cubemx/CMakeFiles/STM32_Drivers.dir/__/__/Drivers/STM32F4xx_HAL_Driver/Src/stm32f4xx_ll_usb.c.obj
                0x08002f68                USB_ReadChInterrupts
 .text.USB_GetMode
                0x08002faa       0x1c cmake/stm32cubemx/CMakeFiles/STM32_Drivers.dir/__/__/Drivers/STM32F4xx_HAL_Driver/Src/stm32f4xx_ll_usb.c.obj
                0x08002faa                USB_GetMode
 .text.USB_CoreReset
                0x08002fc6       0x62 cmake/stm32cubemx/CMakeFiles/STM32_Drivers.dir/__/__/Drivers/STM32F4xx_HAL_Driver/Src/stm32f4xx_ll_usb.c.obj
 .text.USB_HostInit
                0x08003028      0x188 cmake/stm32cubemx/CMakeFiles/STM32_Drivers.dir/__/__/Drivers/STM32F4xx_HAL_Driver/Src/stm32f4xx_ll_usb.c.obj
                0x08003028                USB_HostInit
 .text.USB_InitFSLSPClkSel
                0x080031b0       0x7a cmake/stm32cubemx/CMakeFiles/STM32_Drivers.dir/__/__/Drivers/STM32F4xx_HAL_Driver/Src/stm32f4xx_ll_usb.c.obj
                0x080031b0                USB_InitFSLSPClkSel
 .text.USB_ResetPort
                0x0800322a       0x54 cmake/stm32cubemx/CMakeFiles/STM32_Drivers.dir/__/__/Drivers/STM32F4xx_HAL_Driver/Src/stm32f4xx_ll_usb.c.obj
                0x0800322a                USB_ResetPort
 .text.USB_DriveVbus
                0x0800327e       0x72 cmake/stm32cubemx/CMakeFiles/STM32_Drivers.dir/__/__/Drivers/STM32F4xx_HAL_Driver/Src/stm32f4xx_ll_usb.c.obj
                0x0800327e                USB_DriveVbus
 .text.USB_GetHostSpeed
                0x080032f0       0x2e cmake/stm32cubemx/CMakeFiles/STM32_Drivers.dir/__/__/Drivers/STM32F4xx_HAL_Driver/Src/stm32f4xx_ll_usb.c.obj
                0x080032f0                USB_GetHostSpeed
 .text.USB_GetCurrentFrame
                0x0800331e       0x22 cmake/stm32cubemx/CMakeFiles/STM32_Drivers.dir/__/__/Drivers/STM32F4xx_HAL_Driver/Src/stm32f4xx_ll_usb.c.obj
                0x0800331e                USB_GetCurrentFrame
 .text.USB_HC_Init
                0x08003340      0x258 cmake/stm32cubemx/CMakeFiles/STM32_Drivers.dir/__/__/Drivers/STM32F4xx_HAL_Driver/Src/stm32f4xx_ll_usb.c.obj
                0x08003340                USB_HC_Init
 .text.USB_HC_StartXfer
                0x08003598      0x4f4 cmake/stm32cubemx/CMakeFiles/STM32_Drivers.dir/__/__/Drivers/STM32F4xx_HAL_Driver/Src/stm32f4xx_ll_usb.c.obj
                0x08003598                USB_HC_StartXfer
 .text.USB_HC_ReadInterrupt
                0x08003a8c       0x22 cmake/stm32cubemx/CMakeFiles/STM32_Drivers.dir/__/__/Drivers/STM32F4xx_HAL_Driver/Src/stm32f4xx_ll_usb.c.obj
                0x08003a8c                USB_HC_ReadInterrupt
 .text.USB_HC_Halt
                0x08003aae      0x240 cmake/stm32cubemx/CMakeFiles/STM32_Drivers.dir/__/__/Drivers/STM32F4xx_HAL_Driver/Src/stm32f4xx_ll_usb.c.obj
                0x08003aae                USB_HC_Halt
 *fill*         0x08003cee        0x2 
 .text.USB_DoPing
                0x08003cf0       0x78 cmake/stm32cubemx/CMakeFiles/STM32_Drivers.dir/__/__/Drivers/STM32F4xx_HAL_Driver/Src/stm32f4xx_ll_usb.c.obj
                0x08003cf0                USB_DoPing
 .text.USB_StopHost
                0x08003d68      0x124 cmake/stm32cubemx/CMakeFiles/STM32_Drivers.dir/__/__/Drivers/STM32F4xx_HAL_Driver/Src/stm32f4xx_ll_usb.c.obj
                0x08003d68                USB_StopHost
 .text.HAL_RCC_OscConfig
                0x08003e8c      0x4f0 cmake/stm32cubemx/CMakeFiles/STM32_Drivers.dir/__/__/Drivers/STM32F4xx_HAL_Driver/Src/stm32f4xx_hal_rcc.c.obj
                0x08003e8c                HAL_RCC_OscConfig
 .text.HAL_RCC_ClockConfig
                0x0800437c      0x1cc cmake/stm32cubemx/CMakeFiles/STM32_Drivers.dir/__/__/Drivers/STM32F4xx_HAL_Driver/Src/stm32f4xx_hal_rcc.c.obj
                0x0800437c                HAL_RCC_ClockConfig
 .text.HAL_RCC_GetSysClockFreq
                0x08004548      0x20c cmake/stm32cubemx/CMakeFiles/STM32_Drivers.dir/__/__/Drivers/STM32F4xx_HAL_Driver/Src/stm32f4xx_hal_rcc.c.obj
                0x08004548                HAL_RCC_GetSysClockFreq
 .text.HAL_RCC_GetHCLKFreq
                0x08004754       0x18 cmake/stm32cubemx/CMakeFiles/STM32_Drivers.dir/__/__/Drivers/STM32F4xx_HAL_Driver/Src/stm32f4xx_hal_rcc.c.obj
                0x08004754                HAL_RCC_GetHCLKFreq
 .text.HAL_RCC_GetPCLK1Freq
                0x0800476c       0x28 cmake/stm32cubemx/CMakeFiles/STM32_Drivers.dir/__/__/Drivers/STM32F4xx_HAL_Driver/Src/stm32f4xx_hal_rcc.c.obj
                0x0800476c                HAL_RCC_GetPCLK1Freq
 .text.HAL_RCCEx_PeriphCLKConfig
                0x08004794      0x1c4 cmake/stm32cubemx/CMakeFiles/STM32_Drivers.dir/__/__/Drivers/STM32F4xx_HAL_Driver/Src/stm32f4xx_hal_rcc_ex.c.obj
                0x08004794                HAL_RCCEx_PeriphCLKConfig
 .text.HAL_RCCEx_GetPeriphCLKFreq
                0x08004958       0xc0 cmake/stm32cubemx/CMakeFiles/STM32_Drivers.dir/__/__/Drivers/STM32F4xx_HAL_Driver/Src/stm32f4xx_hal_rcc_ex.c.obj
                0x08004958                HAL_RCCEx_GetPeriphCLKFreq
 .text.HAL_GPIO_Init
                0x08004a18      0x338 cmake/stm32cubemx/CMakeFiles/STM32_Drivers.dir/__/__/Drivers/STM32F4xx_HAL_Driver/Src/stm32f4xx_hal_gpio.c.obj
                0x08004a18                HAL_GPIO_Init
 .text.HAL_GPIO_WritePin
                0x08004d50       0x32 cmake/stm32cubemx/CMakeFiles/STM32_Drivers.dir/__/__/Drivers/STM32F4xx_HAL_Driver/Src/stm32f4xx_hal_gpio.c.obj
                0x08004d50                HAL_GPIO_WritePin
 *fill*         0x08004d82        0x2 
 .text.__NVIC_SetPriorityGrouping
                0x08004d84       0x48 cmake/stm32cubemx/CMakeFiles/STM32_Drivers.dir/__/__/Drivers/STM32F4xx_HAL_Driver/Src/stm32f4xx_hal_cortex.c.obj
 .text.__NVIC_GetPriorityGrouping
                0x08004dcc       0x1c cmake/stm32cubemx/CMakeFiles/STM32_Drivers.dir/__/__/Drivers/STM32F4xx_HAL_Driver/Src/stm32f4xx_hal_cortex.c.obj
 .text.__NVIC_EnableIRQ
                0x08004de8       0x3c cmake/stm32cubemx/CMakeFiles/STM32_Drivers.dir/__/__/Drivers/STM32F4xx_HAL_Driver/Src/stm32f4xx_hal_cortex.c.obj
 .text.__NVIC_SetPriority
                0x08004e24       0x54 cmake/stm32cubemx/CMakeFiles/STM32_Drivers.dir/__/__/Drivers/STM32F4xx_HAL_Driver/Src/stm32f4xx_hal_cortex.c.obj
 .text.NVIC_EncodePriority
                0x08004e78       0x66 cmake/stm32cubemx/CMakeFiles/STM32_Drivers.dir/__/__/Drivers/STM32F4xx_HAL_Driver/Src/stm32f4xx_hal_cortex.c.obj
 *fill*         0x08004ede        0x2 
 .text.SysTick_Config
                0x08004ee0       0x44 cmake/stm32cubemx/CMakeFiles/STM32_Drivers.dir/__/__/Drivers/STM32F4xx_HAL_Driver/Src/stm32f4xx_hal_cortex.c.obj
 .text.HAL_NVIC_SetPriorityGrouping
                0x08004f24       0x16 cmake/stm32cubemx/CMakeFiles/STM32_Drivers.dir/__/__/Drivers/STM32F4xx_HAL_Driver/Src/stm32f4xx_hal_cortex.c.obj
                0x08004f24                HAL_NVIC_SetPriorityGrouping
 .text.HAL_NVIC_SetPriority
                0x08004f3a       0x38 cmake/stm32cubemx/CMakeFiles/STM32_Drivers.dir/__/__/Drivers/STM32F4xx_HAL_Driver/Src/stm32f4xx_hal_cortex.c.obj
                0x08004f3a                HAL_NVIC_SetPriority
 .text.HAL_NVIC_EnableIRQ
                0x08004f72       0x1c cmake/stm32cubemx/CMakeFiles/STM32_Drivers.dir/__/__/Drivers/STM32F4xx_HAL_Driver/Src/stm32f4xx_hal_cortex.c.obj
                0x08004f72                HAL_NVIC_EnableIRQ
 .text.HAL_SYSTICK_Config
                0x08004f8e       0x18 cmake/stm32cubemx/CMakeFiles/STM32_Drivers.dir/__/__/Drivers/STM32F4xx_HAL_Driver/Src/stm32f4xx_hal_cortex.c.obj
                0x08004f8e                HAL_SYSTICK_Config
 *fill*         0x08004fa6        0x2 
 .text.HAL_Init
                0x08004fa8       0x44 cmake/stm32cubemx/CMakeFiles/STM32_Drivers.dir/__/__/Drivers/STM32F4xx_HAL_Driver/Src/stm32f4xx_hal.c.obj
                0x08004fa8                HAL_Init
 .text.HAL_InitTick
                0x08004fec       0x60 cmake/stm32cubemx/CMakeFiles/STM32_Drivers.dir/__/__/Drivers/STM32F4xx_HAL_Driver/Src/stm32f4xx_hal.c.obj
                0x08004fec                HAL_InitTick
 .text.HAL_IncTick
                0x0800504c       0x28 cmake/stm32cubemx/CMakeFiles/STM32_Drivers.dir/__/__/Drivers/STM32F4xx_HAL_Driver/Src/stm32f4xx_hal.c.obj
                0x0800504c                HAL_IncTick
 .text.HAL_GetTick
                0x08005074       0x18 cmake/stm32cubemx/CMakeFiles/STM32_Drivers.dir/__/__/Drivers/STM32F4xx_HAL_Driver/Src/stm32f4xx_hal.c.obj
                0x08005074                HAL_GetTick
 .text.HAL_Delay
                0x0800508c       0x48 cmake/stm32cubemx/CMakeFiles/STM32_Drivers.dir/__/__/Drivers/STM32F4xx_HAL_Driver/Src/stm32f4xx_hal.c.obj
                0x0800508c                HAL_Delay
 .text.HAL_I2C_Init
                0x080050d4      0x288 cmake/stm32cubemx/CMakeFiles/STM32_Drivers.dir/__/__/Drivers/STM32F4xx_HAL_Driver/Src/stm32f4xx_hal_i2c.c.obj
                0x080050d4                HAL_I2C_Init
 .text.HAL_I2S_Init
                0x0800535c      0x280 cmake/stm32cubemx/CMakeFiles/STM32_Drivers.dir/__/__/Drivers/STM32F4xx_HAL_Driver/Src/stm32f4xx_hal_i2s.c.obj
                0x0800535c                HAL_I2S_Init
 .text.HAL_I2S_TxCpltCallback
                0x080055dc       0x14 cmake/stm32cubemx/CMakeFiles/STM32_Drivers.dir/__/__/Drivers/STM32F4xx_HAL_Driver/Src/stm32f4xx_hal_i2s.c.obj
                0x080055dc                HAL_I2S_TxCpltCallback
 .text.HAL_I2S_RxCpltCallback
                0x080055f0       0x14 cmake/stm32cubemx/CMakeFiles/STM32_Drivers.dir/__/__/Drivers/STM32F4xx_HAL_Driver/Src/stm32f4xx_hal_i2s.c.obj
                0x080055f0                HAL_I2S_RxCpltCallback
 .text.HAL_I2S_ErrorCallback
                0x08005604       0x14 cmake/stm32cubemx/CMakeFiles/STM32_Drivers.dir/__/__/Drivers/STM32F4xx_HAL_Driver/Src/stm32f4xx_hal_i2s.c.obj
                0x08005604                HAL_I2S_ErrorCallback
 .text.I2S_Transmit_IT
                0x08005618       0x5c cmake/stm32cubemx/CMakeFiles/STM32_Drivers.dir/__/__/Drivers/STM32F4xx_HAL_Driver/Src/stm32f4xx_hal_i2s.c.obj
 .text.I2S_Receive_IT
                0x08005674       0x5e cmake/stm32cubemx/CMakeFiles/STM32_Drivers.dir/__/__/Drivers/STM32F4xx_HAL_Driver/Src/stm32f4xx_hal_i2s.c.obj
 .text.I2S_IRQHandler
                0x080056d2      0x114 cmake/stm32cubemx/CMakeFiles/STM32_Drivers.dir/__/__/Drivers/STM32F4xx_HAL_Driver/Src/stm32f4xx_hal_i2s.c.obj
 *fill*         0x080057e6        0x2 
 .text.HAL_I2SEx_FullDuplex_IRQHandler
                0x080057e8      0x2a8 cmake/stm32cubemx/CMakeFiles/STM32_Drivers.dir/__/__/Drivers/STM32F4xx_HAL_Driver/Src/stm32f4xx_hal_i2s_ex.c.obj
                0x080057e8                HAL_I2SEx_FullDuplex_IRQHandler
 .text.HAL_I2SEx_TxRxCpltCallback
                0x08005a90       0x14 cmake/stm32cubemx/CMakeFiles/STM32_Drivers.dir/__/__/Drivers/STM32F4xx_HAL_Driver/Src/stm32f4xx_hal_i2s_ex.c.obj
                0x08005a90                HAL_I2SEx_TxRxCpltCallback
 .text.I2SEx_TxISR_I2S
                0x08005aa4       0x62 cmake/stm32cubemx/CMakeFiles/STM32_Drivers.dir/__/__/Drivers/STM32F4xx_HAL_Driver/Src/stm32f4xx_hal_i2s_ex.c.obj
 *fill*         0x08005b06        0x2 
 .text.I2SEx_TxISR_I2SExt
                0x08005b08       0x98 cmake/stm32cubemx/CMakeFiles/STM32_Drivers.dir/__/__/Drivers/STM32F4xx_HAL_Driver/Src/stm32f4xx_hal_i2s_ex.c.obj
 .text.I2SEx_RxISR_I2S
                0x08005ba0       0x64 cmake/stm32cubemx/CMakeFiles/STM32_Drivers.dir/__/__/Drivers/STM32F4xx_HAL_Driver/Src/stm32f4xx_hal_i2s_ex.c.obj
 .text.I2SEx_RxISR_I2SExt
                0x08005c04       0x98 cmake/stm32cubemx/CMakeFiles/STM32_Drivers.dir/__/__/Drivers/STM32F4xx_HAL_Driver/Src/stm32f4xx_hal_i2s_ex.c.obj
 .text.HAL_SPI_Init
                0x08005c9c      0x112 cmake/stm32cubemx/CMakeFiles/STM32_Drivers.dir/__/__/Drivers/STM32F4xx_HAL_Driver/Src/stm32f4xx_hal_spi.c.obj
                0x08005c9c                HAL_SPI_Init
 .text.USBH_Init
                0x08005dae       0x74 cmake/stm32cubemx/CMakeFiles/USB_Host_Library.dir/__/__/Middlewares/ST/STM32_USB_Host_Library/Core/Src/usbh_core.c.obj
                0x08005dae                USBH_Init
 .text.DeInitStateMachine
                0x08005e22       0xe6 cmake/stm32cubemx/CMakeFiles/USB_Host_Library.dir/__/__/Middlewares/ST/STM32_USB_Host_Library/Core/Src/usbh_core.c.obj
 .text.USBH_RegisterClass
                0x08005f08       0x54 cmake/stm32cubemx/CMakeFiles/USB_Host_Library.dir/__/__/Middlewares/ST/STM32_USB_Host_Library/Core/Src/usbh_core.c.obj
                0x08005f08                USBH_RegisterClass
 .text.USBH_SelectInterface
                0x08005f5c       0x38 cmake/stm32cubemx/CMakeFiles/USB_Host_Library.dir/__/__/Middlewares/ST/STM32_USB_Host_Library/Core/Src/usbh_core.c.obj
                0x08005f5c                USBH_SelectInterface
 .text.USBH_FindInterface
                0x08005f94       0x8c cmake/stm32cubemx/CMakeFiles/USB_Host_Library.dir/__/__/Middlewares/ST/STM32_USB_Host_Library/Core/Src/usbh_core.c.obj
                0x08005f94                USBH_FindInterface
 .text.USBH_Start
                0x08006020       0x20 cmake/stm32cubemx/CMakeFiles/USB_Host_Library.dir/__/__/Middlewares/ST/STM32_USB_Host_Library/Core/Src/usbh_core.c.obj
                0x08006020                USBH_Start
 .text.USBH_Process
                0x08006040      0x3d0 cmake/stm32cubemx/CMakeFiles/USB_Host_Library.dir/__/__/Middlewares/ST/STM32_USB_Host_Library/Core/Src/usbh_core.c.obj
                0x08006040                USBH_Process
 .text.USBH_HandleEnum
                0x08006410      0x3c0 cmake/stm32cubemx/CMakeFiles/USB_Host_Library.dir/__/__/Middlewares/ST/STM32_USB_Host_Library/Core/Src/usbh_core.c.obj
 .text.USBH_LL_SetTimer
                0x080067d0       0x1e cmake/stm32cubemx/CMakeFiles/USB_Host_Library.dir/__/__/Middlewares/ST/STM32_USB_Host_Library/Core/Src/usbh_core.c.obj
                0x080067d0                USBH_LL_SetTimer
 .text.USBH_LL_IncTimer
                0x080067ee       0x24 cmake/stm32cubemx/CMakeFiles/USB_Host_Library.dir/__/__/Middlewares/ST/STM32_USB_Host_Library/Core/Src/usbh_core.c.obj
                0x080067ee                USBH_LL_IncTimer
 .text.USBH_HandleSof
                0x08006812       0x30 cmake/stm32cubemx/CMakeFiles/USB_Host_Library.dir/__/__/Middlewares/ST/STM32_USB_Host_Library/Core/Src/usbh_core.c.obj
 .text.USBH_LL_PortEnabled
                0x08006842       0x1c cmake/stm32cubemx/CMakeFiles/USB_Host_Library.dir/__/__/Middlewares/ST/STM32_USB_Host_Library/Core/Src/usbh_core.c.obj
                0x08006842                USBH_LL_PortEnabled
 .text.USBH_LL_PortDisabled
                0x0800685e       0x1c cmake/stm32cubemx/CMakeFiles/USB_Host_Library.dir/__/__/Middlewares/ST/STM32_USB_Host_Library/Core/Src/usbh_core.c.obj
                0x0800685e                USBH_LL_PortDisabled
 .text.USBH_LL_Connect
                0x0800687a       0x2e cmake/stm32cubemx/CMakeFiles/USB_Host_Library.dir/__/__/Middlewares/ST/STM32_USB_Host_Library/Core/Src/usbh_core.c.obj
                0x0800687a                USBH_LL_Connect
 .text.USBH_LL_Disconnect
                0x080068a8       0x48 cmake/stm32cubemx/CMakeFiles/USB_Host_Library.dir/__/__/Middlewares/ST/STM32_USB_Host_Library/Core/Src/usbh_core.c.obj
                0x080068a8                USBH_LL_Disconnect
 .text.USBH_Get_DevDesc
                0x080068f0       0x58 cmake/stm32cubemx/CMakeFiles/USB_Host_Library.dir/__/__/Middlewares/ST/STM32_USB_Host_Library/Core/Src/usbh_ctlreq.c.obj
                0x080068f0                USBH_Get_DevDesc
 .text.USBH_Get_CfgDesc
                0x08006948       0x54 cmake/stm32cubemx/CMakeFiles/USB_Host_Library.dir/__/__/Middlewares/ST/STM32_USB_Host_Library/Core/Src/usbh_ctlreq.c.obj
                0x08006948                USBH_Get_CfgDesc
 .text.USBH_Get_StringDesc
                0x0800699c       0x68 cmake/stm32cubemx/CMakeFiles/USB_Host_Library.dir/__/__/Middlewares/ST/STM32_USB_Host_Library/Core/Src/usbh_ctlreq.c.obj
                0x0800699c                USBH_Get_StringDesc
 .text.USBH_GetDescriptor
                0x08006a04       0x6a cmake/stm32cubemx/CMakeFiles/USB_Host_Library.dir/__/__/Middlewares/ST/STM32_USB_Host_Library/Core/Src/usbh_ctlreq.c.obj
                0x08006a04                USBH_GetDescriptor
 .text.USBH_SetAddress
                0x08006a6e       0x48 cmake/stm32cubemx/CMakeFiles/USB_Host_Library.dir/__/__/Middlewares/ST/STM32_USB_Host_Library/Core/Src/usbh_ctlreq.c.obj
                0x08006a6e                USBH_SetAddress
 .text.USBH_SetCfg
                0x08006ab6       0x46 cmake/stm32cubemx/CMakeFiles/USB_Host_Library.dir/__/__/Middlewares/ST/STM32_USB_Host_Library/Core/Src/usbh_ctlreq.c.obj
                0x08006ab6                USBH_SetCfg
 .text.USBH_SetFeature
                0x08006afc       0x48 cmake/stm32cubemx/CMakeFiles/USB_Host_Library.dir/__/__/Middlewares/ST/STM32_USB_Host_Library/Core/Src/usbh_ctlreq.c.obj
                0x08006afc                USBH_SetFeature
 .text.USBH_ClrFeature
                0x08006b44       0x48 cmake/stm32cubemx/CMakeFiles/USB_Host_Library.dir/__/__/Middlewares/ST/STM32_USB_Host_Library/Core/Src/usbh_ctlreq.c.obj
                0x08006b44                USBH_ClrFeature
 .text.USBH_ParseDevDesc
                0x08006b8c      0x160 cmake/stm32cubemx/CMakeFiles/USB_Host_Library.dir/__/__/Middlewares/ST/STM32_USB_Host_Library/Core/Src/usbh_ctlreq.c.obj
 .text.USBH_ParseCfgDesc
                0x08006cec      0x1f0 cmake/stm32cubemx/CMakeFiles/USB_Host_Library.dir/__/__/Middlewares/ST/STM32_USB_Host_Library/Core/Src/usbh_ctlreq.c.obj
 .text.USBH_ParseInterfaceDesc
                0x08006edc       0x68 cmake/stm32cubemx/CMakeFiles/USB_Host_Library.dir/__/__/Middlewares/ST/STM32_USB_Host_Library/Core/Src/usbh_ctlreq.c.obj
 .text.USBH_ParseEPDesc
                0x08006f44      0x1d0 cmake/stm32cubemx/CMakeFiles/USB_Host_Library.dir/__/__/Middlewares/ST/STM32_USB_Host_Library/Core/Src/usbh_ctlreq.c.obj
 .text.USBH_ParseStringDesc
                0x08007114       0x66 cmake/stm32cubemx/CMakeFiles/USB_Host_Library.dir/__/__/Middlewares/ST/STM32_USB_Host_Library/Core/Src/usbh_ctlreq.c.obj
 .text.USBH_GetNextDesc
                0x0800717a       0x34 cmake/stm32cubemx/CMakeFiles/USB_Host_Library.dir/__/__/Middlewares/ST/STM32_USB_Host_Library/Core/Src/usbh_ctlreq.c.obj
                0x0800717a                USBH_GetNextDesc
 .text.USBH_CtlReq
                0x080071ae       0x7a cmake/stm32cubemx/CMakeFiles/USB_Host_Library.dir/__/__/Middlewares/ST/STM32_USB_Host_Library/Core/Src/usbh_ctlreq.c.obj
                0x080071ae                USBH_CtlReq
 .text.USBH_HandleControl
                0x08007228      0x2e8 cmake/stm32cubemx/CMakeFiles/USB_Host_Library.dir/__/__/Middlewares/ST/STM32_USB_Host_Library/Core/Src/usbh_ctlreq.c.obj
 .text.USBH_CtlSendSetup
                0x08007510       0x34 cmake/stm32cubemx/CMakeFiles/USB_Host_Library.dir/__/__/Middlewares/ST/STM32_USB_Host_Library/Core/Src/usbh_ioreq.c.obj
                0x08007510                USBH_CtlSendSetup
 .text.USBH_CtlSendData
                0x08007544       0x4a cmake/stm32cubemx/CMakeFiles/USB_Host_Library.dir/__/__/Middlewares/ST/STM32_USB_Host_Library/Core/Src/usbh_ioreq.c.obj
                0x08007544                USBH_CtlSendData
 .text.USBH_CtlReceiveData
                0x0800758e       0x3c cmake/stm32cubemx/CMakeFiles/USB_Host_Library.dir/__/__/Middlewares/ST/STM32_USB_Host_Library/Core/Src/usbh_ioreq.c.obj
                0x0800758e                USBH_CtlReceiveData
 .text.USBH_BulkSendData
                0x080075ca       0x4a cmake/stm32cubemx/CMakeFiles/USB_Host_Library.dir/__/__/Middlewares/ST/STM32_USB_Host_Library/Core/Src/usbh_ioreq.c.obj
                0x080075ca                USBH_BulkSendData
 .text.USBH_BulkReceiveData
                0x08007614       0x3c cmake/stm32cubemx/CMakeFiles/USB_Host_Library.dir/__/__/Middlewares/ST/STM32_USB_Host_Library/Core/Src/usbh_ioreq.c.obj
                0x08007614                USBH_BulkReceiveData
 .text.USBH_OpenPipe
                0x08007650       0x3e cmake/stm32cubemx/CMakeFiles/USB_Host_Library.dir/__/__/Middlewares/ST/STM32_USB_Host_Library/Core/Src/usbh_pipes.c.obj
                0x08007650                USBH_OpenPipe
 .text.USBH_ClosePipe
                0x0800768e       0x20 cmake/stm32cubemx/CMakeFiles/USB_Host_Library.dir/__/__/Middlewares/ST/STM32_USB_Host_Library/Core/Src/usbh_pipes.c.obj
                0x0800768e                USBH_ClosePipe
 .text.USBH_AllocPipe
                0x080076ae       0x42 cmake/stm32cubemx/CMakeFiles/USB_Host_Library.dir/__/__/Middlewares/ST/STM32_USB_Host_Library/Core/Src/usbh_pipes.c.obj
                0x080076ae                USBH_AllocPipe
 .text.USBH_FreePipe
                0x080076f0       0x3c cmake/stm32cubemx/CMakeFiles/USB_Host_Library.dir/__/__/Middlewares/ST/STM32_USB_Host_Library/Core/Src/usbh_pipes.c.obj
                0x080076f0                USBH_FreePipe
 .text.USBH_GetFreePipe
                0x0800772c       0x48 cmake/stm32cubemx/CMakeFiles/USB_Host_Library.dir/__/__/Middlewares/ST/STM32_USB_Host_Library/Core/Src/usbh_pipes.c.obj
 .text.USBH_CDC_InterfaceInit
                0x08007774      0x2ac cmake/stm32cubemx/CMakeFiles/USB_Host_Library.dir/__/__/Middlewares/ST/STM32_USB_Host_Library/Class/CDC/Src/usbh_cdc.c.obj
 .text.USBH_CDC_InterfaceDeInit
                0x08007a20       0xb2 cmake/stm32cubemx/CMakeFiles/USB_Host_Library.dir/__/__/Middlewares/ST/STM32_USB_Host_Library/Class/CDC/Src/usbh_cdc.c.obj
 .text.USBH_CDC_ClassRequest
                0x08007ad2       0x3e cmake/stm32cubemx/CMakeFiles/USB_Host_Library.dir/__/__/Middlewares/ST/STM32_USB_Host_Library/Class/CDC/Src/usbh_cdc.c.obj
 .text.USBH_CDC_Process
                0x08007b10      0x12c cmake/stm32cubemx/CMakeFiles/USB_Host_Library.dir/__/__/Middlewares/ST/STM32_USB_Host_Library/Class/CDC/Src/usbh_cdc.c.obj
 .text.USBH_CDC_SOFProcess
                0x08007c3c       0x16 cmake/stm32cubemx/CMakeFiles/USB_Host_Library.dir/__/__/Middlewares/ST/STM32_USB_Host_Library/Class/CDC/Src/usbh_cdc.c.obj
 .text.GetLineCoding
                0x08007c52       0x3e cmake/stm32cubemx/CMakeFiles/USB_Host_Library.dir/__/__/Middlewares/ST/STM32_USB_Host_Library/Class/CDC/Src/usbh_cdc.c.obj
 .text.SetLineCoding
                0x08007c90       0x3e cmake/stm32cubemx/CMakeFiles/USB_Host_Library.dir/__/__/Middlewares/ST/STM32_USB_Host_Library/Class/CDC/Src/usbh_cdc.c.obj
 .text.CDC_ProcessTransmission
                0x08007cce       0xec cmake/stm32cubemx/CMakeFiles/USB_Host_Library.dir/__/__/Middlewares/ST/STM32_USB_Host_Library/Class/CDC/Src/usbh_cdc.c.obj
 .text.CDC_ProcessReception
                0x08007dba       0xb6 cmake/stm32cubemx/CMakeFiles/USB_Host_Library.dir/__/__/Middlewares/ST/STM32_USB_Host_Library/Class/CDC/Src/usbh_cdc.c.obj
 .text.USBH_CDC_TransmitCallback
                0x08007e70       0x14 cmake/stm32cubemx/CMakeFiles/USB_Host_Library.dir/__/__/Middlewares/ST/STM32_USB_Host_Library/Class/CDC/Src/usbh_cdc.c.obj
                0x08007e70                USBH_CDC_TransmitCallback
 .text.USBH_CDC_ReceiveCallback
                0x08007e84       0x14 cmake/stm32cubemx/CMakeFiles/USB_Host_Library.dir/__/__/Middlewares/ST/STM32_USB_Host_Library/Class/CDC/Src/usbh_cdc.c.obj
                0x08007e84                USBH_CDC_ReceiveCallback
 .text.USBH_CDC_LineCodingChanged
                0x08007e98       0x14 cmake/stm32cubemx/CMakeFiles/USB_Host_Library.dir/__/__/Middlewares/ST/STM32_USB_Host_Library/Class/CDC/Src/usbh_cdc.c.obj
                0x08007e98                USBH_CDC_LineCodingChanged
 .text.MX_USB_HOST_Init
                0x08007eac       0x4c CMakeFiles/vscode_stm.dir/USB_HOST/App/usb_host.c.obj
                0x08007eac                MX_USB_HOST_Init
 .text.MX_USB_HOST_Process
                0x08007ef8       0x14 CMakeFiles/vscode_stm.dir/USB_HOST/App/usb_host.c.obj
                0x08007ef8                MX_USB_HOST_Process
 .text.USBH_UserProcess
                0x08007f0c       0x5c CMakeFiles/vscode_stm.dir/USB_HOST/App/usb_host.c.obj
 .text.HAL_HCD_MspInit
                0x08007f68       0xc4 CMakeFiles/vscode_stm.dir/USB_HOST/Target/usbh_conf.c.obj
                0x08007f68                HAL_HCD_MspInit
 .text.HAL_HCD_SOF_Callback
                0x0800802c       0x1c CMakeFiles/vscode_stm.dir/USB_HOST/Target/usbh_conf.c.obj
                0x0800802c                HAL_HCD_SOF_Callback
 .text.HAL_HCD_Connect_Callback
                0x08008048       0x1c CMakeFiles/vscode_stm.dir/USB_HOST/Target/usbh_conf.c.obj
                0x08008048                HAL_HCD_Connect_Callback
 .text.HAL_HCD_Disconnect_Callback
                0x08008064       0x1c CMakeFiles/vscode_stm.dir/USB_HOST/Target/usbh_conf.c.obj
                0x08008064                HAL_HCD_Disconnect_Callback
 .text.HAL_HCD_HC_NotifyURBChange_Callback
                0x08008080       0x1c CMakeFiles/vscode_stm.dir/USB_HOST/Target/usbh_conf.c.obj
                0x08008080                HAL_HCD_HC_NotifyURBChange_Callback
 .text.HAL_HCD_PortEnabled_Callback
                0x0800809c       0x1c CMakeFiles/vscode_stm.dir/USB_HOST/Target/usbh_conf.c.obj
                0x0800809c                HAL_HCD_PortEnabled_Callback
 .text.HAL_HCD_PortDisabled_Callback
                0x080080b8       0x1c CMakeFiles/vscode_stm.dir/USB_HOST/Target/usbh_conf.c.obj
                0x080080b8                HAL_HCD_PortDisabled_Callback
 .text.USBH_LL_Init
                0x080080d4       0x78 CMakeFiles/vscode_stm.dir/USB_HOST/Target/usbh_conf.c.obj
                0x080080d4                USBH_LL_Init
 .text.USBH_LL_Start
                0x0800814c       0x36 CMakeFiles/vscode_stm.dir/USB_HOST/Target/usbh_conf.c.obj
                0x0800814c                USBH_LL_Start
 .text.USBH_LL_Stop
                0x08008182       0x36 CMakeFiles/vscode_stm.dir/USB_HOST/Target/usbh_conf.c.obj
                0x08008182                USBH_LL_Stop
 .text.USBH_LL_GetSpeed
                0x080081b8       0x4e CMakeFiles/vscode_stm.dir/USB_HOST/Target/usbh_conf.c.obj
                0x080081b8                USBH_LL_GetSpeed
 .text.USBH_LL_ResetPort
                0x08008206       0x36 CMakeFiles/vscode_stm.dir/USB_HOST/Target/usbh_conf.c.obj
                0x08008206                USBH_LL_ResetPort
 .text.USBH_LL_GetLastXferSize
                0x0800823c       0x26 CMakeFiles/vscode_stm.dir/USB_HOST/Target/usbh_conf.c.obj
                0x0800823c                USBH_LL_GetLastXferSize
 .text.USBH_LL_OpenPipe
                0x08008262       0x5e CMakeFiles/vscode_stm.dir/USB_HOST/Target/usbh_conf.c.obj
                0x08008262                USBH_LL_OpenPipe
 .text.USBH_LL_ClosePipe
                0x080082c0       0x3e CMakeFiles/vscode_stm.dir/USB_HOST/Target/usbh_conf.c.obj
                0x080082c0                USBH_LL_ClosePipe
 .text.USBH_LL_SubmitURB
                0x080082fe       0x62 CMakeFiles/vscode_stm.dir/USB_HOST/Target/usbh_conf.c.obj
                0x080082fe                USBH_LL_SubmitURB
 .text.USBH_LL_GetURBState
                0x08008360       0x26 CMakeFiles/vscode_stm.dir/USB_HOST/Target/usbh_conf.c.obj
                0x08008360                USBH_LL_GetURBState
 .text.USBH_LL_DriverVBUS
                0x08008386       0x2e CMakeFiles/vscode_stm.dir/USB_HOST/Target/usbh_conf.c.obj
                0x08008386                USBH_LL_DriverVBUS
 .text.USBH_LL_SetToggle
                0x080083b4       0x66 CMakeFiles/vscode_stm.dir/USB_HOST/Target/usbh_conf.c.obj
                0x080083b4                USBH_LL_SetToggle
 .text.USBH_Delay
                0x0800841a       0x16 CMakeFiles/vscode_stm.dir/USB_HOST/Target/usbh_conf.c.obj
                0x0800841a                USBH_Delay
 .text.USBH_Get_USB_Status
                0x08008430       0x58 CMakeFiles/vscode_stm.dir/USB_HOST/Target/usbh_conf.c.obj
                0x08008430                USBH_Get_USB_Status
 .text.MX_DriverVbusFS
                0x08008488       0x38 CMakeFiles/vscode_stm.dir/USB_HOST/Target/usbh_platform.c.obj
                0x08008488                MX_DriverVbusFS
 .text.ITM_SendChar
                0x080084c0       0x4e CMakeFiles/vscode_stm.dir/Core/Src/main.c.obj
 .text._write   0x0800850e       0x38 CMakeFiles/vscode_stm.dir/Core/Src/main.c.obj
                0x0800850e                _write
 *fill*         0x08008546        0x2 
 .text.main     0x08008548       0x78 CMakeFiles/vscode_stm.dir/Core/Src/main.c.obj
                0x08008548                main
 .text.SystemClock_Config
                0x080085c0       0xd4 CMakeFiles/vscode_stm.dir/Core/Src/main.c.obj
                0x080085c0                SystemClock_Config
 .text.MX_I2C1_Init
                0x08008694       0x5c CMakeFiles/vscode_stm.dir/Core/Src/main.c.obj
 .text.MX_I2S3_Init
                0x080086f0       0x60 CMakeFiles/vscode_stm.dir/Core/Src/main.c.obj
 .text.MX_SPI1_Init
                0x08008750       0x6c CMakeFiles/vscode_stm.dir/Core/Src/main.c.obj
 .text.MX_GPIO_Init
                0x080087bc      0x1fc CMakeFiles/vscode_stm.dir/Core/Src/main.c.obj
 .text.Error_Handler
                0x080089b8        0xc CMakeFiles/vscode_stm.dir/Core/Src/main.c.obj
                0x080089b8                Error_Handler
 .text.NMI_Handler
                0x080089c4        0x8 CMakeFiles/vscode_stm.dir/Core/Src/stm32f4xx_it.c.obj
                0x080089c4                NMI_Handler
 .text.HardFault_Handler
                0x080089cc        0x8 CMakeFiles/vscode_stm.dir/Core/Src/stm32f4xx_it.c.obj
                0x080089cc                HardFault_Handler
 .text.MemManage_Handler
                0x080089d4        0x8 CMakeFiles/vscode_stm.dir/Core/Src/stm32f4xx_it.c.obj
                0x080089d4                MemManage_Handler
 .text.BusFault_Handler
                0x080089dc        0x8 CMakeFiles/vscode_stm.dir/Core/Src/stm32f4xx_it.c.obj
                0x080089dc                BusFault_Handler
 .text.UsageFault_Handler
                0x080089e4        0x8 CMakeFiles/vscode_stm.dir/Core/Src/stm32f4xx_it.c.obj
                0x080089e4                UsageFault_Handler
 .text.SVC_Handler
                0x080089ec        0xe CMakeFiles/vscode_stm.dir/Core/Src/stm32f4xx_it.c.obj
                0x080089ec                SVC_Handler
 .text.DebugMon_Handler
                0x080089fa        0xe CMakeFiles/vscode_stm.dir/Core/Src/stm32f4xx_it.c.obj
                0x080089fa                DebugMon_Handler
 .text.PendSV_Handler
                0x08008a08        0xe CMakeFiles/vscode_stm.dir/Core/Src/stm32f4xx_it.c.obj
                0x08008a08                PendSV_Handler
 .text.SysTick_Handler
                0x08008a16        0xc CMakeFiles/vscode_stm.dir/Core/Src/stm32f4xx_it.c.obj
                0x08008a16                SysTick_Handler
 *fill*         0x08008a22        0x2 
 .text.OTG_FS_IRQHandler
                0x08008a24       0x14 CMakeFiles/vscode_stm.dir/Core/Src/stm32f4xx_it.c.obj
                0x08008a24                OTG_FS_IRQHandler
 .text.HAL_MspInit
                0x08008a38       0x50 CMakeFiles/vscode_stm.dir/Core/Src/stm32f4xx_hal_msp.c.obj
                0x08008a38                HAL_MspInit
 .text.HAL_I2C_MspInit
                0x08008a88       0x90 CMakeFiles/vscode_stm.dir/Core/Src/stm32f4xx_hal_msp.c.obj
                0x08008a88                HAL_I2C_MspInit
 .text.HAL_I2S_MspInit
                0x08008b18      0x100 CMakeFiles/vscode_stm.dir/Core/Src/stm32f4xx_hal_msp.c.obj
                0x08008b18                HAL_I2S_MspInit
 .text.HAL_SPI_MspInit
                0x08008c18       0x90 CMakeFiles/vscode_stm.dir/Core/Src/stm32f4xx_hal_msp.c.obj
                0x08008c18                HAL_SPI_MspInit
 .text._sbrk    0x08008ca8       0x6c CMakeFiles/vscode_stm.dir/Core/Src/sysmem.c.obj
                0x08008ca8                _sbrk
 .text._read    0x08008d14       0x3a CMakeFiles/vscode_stm.dir/Core/Src/syscalls.c.obj
                0x08008d14                _read
 .text._close   0x08008d4e       0x18 CMakeFiles/vscode_stm.dir/Core/Src/syscalls.c.obj
                0x08008d4e                _close
 .text._fstat   0x08008d66       0x20 CMakeFiles/vscode_stm.dir/Core/Src/syscalls.c.obj
                0x08008d66                _fstat
 .text._isatty  0x08008d86       0x16 CMakeFiles/vscode_stm.dir/Core/Src/syscalls.c.obj
                0x08008d86                _isatty
 .text._lseek   0x08008d9c       0x1a CMakeFiles/vscode_stm.dir/Core/Src/syscalls.c.obj
                0x08008d9c                _lseek
 *fill*         0x08008db6        0x2 
 .text.Reset_Handler
                0x08008db8       0x50 CMakeFiles/vscode_stm.dir/startup_stm32f407xx.s.obj
                0x08008db8                Reset_Handler
 .text.Default_Handler
                0x08008e08        0x2 CMakeFiles/vscode_stm.dir/startup_stm32f407xx.s.obj
                0x08008e08                RTC_Alarm_IRQHandler
                0x08008e08                HASH_RNG_IRQHandler
                0x08008e08                EXTI2_IRQHandler
                0x08008e08                TIM8_CC_IRQHandler
                0x08008e08                TIM1_CC_IRQHandler
                0x08008e08                DMA2_Stream5_IRQHandler
                0x08008e08                DMA1_Stream5_IRQHandler
                0x08008e08                PVD_IRQHandler
                0x08008e08                SDIO_IRQHandler
                0x08008e08                TAMP_STAMP_IRQHandler
                0x08008e08                CAN2_RX1_IRQHandler
                0x08008e08                EXTI3_IRQHandler
                0x08008e08                TIM8_TRG_COM_TIM14_IRQHandler
                0x08008e08                TIM1_UP_TIM10_IRQHandler
                0x08008e08                TIM8_UP_TIM13_IRQHandler
                0x08008e08                I2C3_ER_IRQHandler
                0x08008e08                EXTI0_IRQHandler
                0x08008e08                I2C2_EV_IRQHandler
                0x08008e08                DMA1_Stream2_IRQHandler
                0x08008e08                CAN1_RX0_IRQHandler
                0x08008e08                FPU_IRQHandler
                0x08008e08                OTG_HS_WKUP_IRQHandler
                0x08008e08                CAN2_SCE_IRQHandler
                0x08008e08                DMA2_Stream2_IRQHandler
                0x08008e08                SPI1_IRQHandler
                0x08008e08                TIM6_DAC_IRQHandler
                0x08008e08                TIM1_BRK_TIM9_IRQHandler
                0x08008e08                DCMI_IRQHandler
                0x08008e08                CAN2_RX0_IRQHandler
                0x08008e08                DMA2_Stream3_IRQHandler
                0x08008e08                USART6_IRQHandler
                0x08008e08                USART3_IRQHandler
                0x08008e08                CAN1_RX1_IRQHandler
                0x08008e08                UART5_IRQHandler
                0x08008e08                DMA2_Stream0_IRQHandler
                0x08008e08                TIM4_IRQHandler
                0x08008e08                I2C1_EV_IRQHandler
                0x08008e08                DMA1_Stream6_IRQHandler
                0x08008e08                DMA1_Stream1_IRQHandler
                0x08008e08                UART4_IRQHandler
                0x08008e08                TIM3_IRQHandler
                0x08008e08                RCC_IRQHandler
                0x08008e08                TIM8_BRK_TIM12_IRQHandler
                0x08008e08                Default_Handler
                0x08008e08                EXTI15_10_IRQHandler
                0x08008e08                ADC_IRQHandler
                0x08008e08                DMA1_Stream7_IRQHandler
                0x08008e08                TIM7_IRQHandler
                0x08008e08                CAN2_TX_IRQHandler
                0x08008e08                TIM5_IRQHandler
                0x08008e08                DMA2_Stream7_IRQHandler
                0x08008e08                I2C3_EV_IRQHandler
                0x08008e08                EXTI9_5_IRQHandler
                0x08008e08                RTC_WKUP_IRQHandler
                0x08008e08                ETH_WKUP_IRQHandler
                0x08008e08                SPI2_IRQHandler
                0x08008e08                OTG_HS_EP1_IN_IRQHandler
                0x08008e08                DMA1_Stream0_IRQHandler
                0x08008e08                CAN1_TX_IRQHandler
                0x08008e08                EXTI4_IRQHandler
                0x08008e08                FSMC_IRQHandler
                0x08008e08                ETH_IRQHandler
                0x08008e08                OTG_HS_EP1_OUT_IRQHandler
                0x08008e08                WWDG_IRQHandler
                0x08008e08                TIM2_IRQHandler
                0x08008e08                OTG_FS_WKUP_IRQHandler
                0x08008e08                TIM1_TRG_COM_TIM11_IRQHandler
                0x08008e08                OTG_HS_IRQHandler
                0x08008e08                EXTI1_IRQHandler
                0x08008e08                USART2_IRQHandler
                0x08008e08                I2C2_ER_IRQHandler
                0x08008e08                DMA2_Stream1_IRQHandler
                0x08008e08                CAN1_SCE_IRQHandler
                0x08008e08                FLASH_IRQHandler
                0x08008e08                DMA2_Stream4_IRQHandler
                0x08008e08                USART1_IRQHandler
                0x08008e08                SPI3_IRQHandler
                0x08008e08                DMA1_Stream4_IRQHandler
                0x08008e08                I2C1_ER_IRQHandler
                0x08008e08                DMA2_Stream6_IRQHandler
                0x08008e08                DMA1_Stream3_IRQHandler
 *fill*         0x08008e0a        0x2 
 .text.__udivmoddi4
                0x08008e0c      0x2f8 /home/saeed/Downloads/arm-gnu-toolchain-14.2.rel1-x86_64-arm-none-eabi/bin/../lib/gcc/arm-none-eabi/14.2.1/thumb/v7e-m+fp/hard/libgcc.a(_udivmoddi4.o)
                0x08008e0c                __udivmoddi4
 .text.malloc   0x08009104       0x10 /home/saeed/Downloads/arm-gnu-toolchain-14.2.rel1-x86_64-arm-none-eabi/bin/../lib/gcc/arm-none-eabi/14.2.1/../../../../arm-none-eabi/lib/thumb/v7e-m+fp/hard/libg_nano.a(libc_a-malloc.o)
                0x08009104                malloc
 .text.free     0x08009114       0x10 /home/saeed/Downloads/arm-gnu-toolchain-14.2.rel1-x86_64-arm-none-eabi/bin/../lib/gcc/arm-none-eabi/14.2.1/../../../../arm-none-eabi/lib/thumb/v7e-m+fp/hard/libg_nano.a(libc_a-malloc.o)
                0x08009114                free
 .text.printf   0x08009124       0x24 /home/saeed/Downloads/arm-gnu-toolchain-14.2.rel1-x86_64-arm-none-eabi/bin/../lib/gcc/arm-none-eabi/14.2.1/../../../../arm-none-eabi/lib/thumb/v7e-m+fp/hard/libg_nano.a(libc_a-printf.o)
                0x08009124                printf
                0x08009124                iprintf
 .text.__errno  0x08009148        0xc /home/saeed/Downloads/arm-gnu-toolchain-14.2.rel1-x86_64-arm-none-eabi/bin/../lib/gcc/arm-none-eabi/14.2.1/../../../../arm-none-eabi/lib/thumb/v7e-m+fp/hard/libg_nano.a(libc_a-errno.o)
                0x08009148                __errno
 .text.__sfputc_r
                0x08009154       0x2e /home/saeed/Downloads/arm-gnu-toolchain-14.2.rel1-x86_64-arm-none-eabi/bin/../lib/gcc/arm-none-eabi/14.2.1/../../../../arm-none-eabi/lib/thumb/v7e-m+fp/hard/libg_nano.a(libc_a-nano-vfprintf.o)
 .text.__sfputs_r
                0x08009182       0x24 /home/saeed/Downloads/arm-gnu-toolchain-14.2.rel1-x86_64-arm-none-eabi/bin/../lib/gcc/arm-none-eabi/14.2.1/../../../../arm-none-eabi/lib/thumb/v7e-m+fp/hard/libg_nano.a(libc_a-nano-vfprintf.o)
                0x08009182                __sfputs_r
 *fill*         0x080091a6        0x2 
 .text._vfprintf_r
                0x080091a8      0x230 /home/saeed/Downloads/arm-gnu-toolchain-14.2.rel1-x86_64-arm-none-eabi/bin/../lib/gcc/arm-none-eabi/14.2.1/../../../../arm-none-eabi/lib/thumb/v7e-m+fp/hard/libg_nano.a(libc_a-nano-vfprintf.o)
                0x080091a8                _vfiprintf_r
                0x080091a8                _vfprintf_r
 .text._printf_common
                0x080093d8       0xda /home/saeed/Downloads/arm-gnu-toolchain-14.2.rel1-x86_64-arm-none-eabi/bin/../lib/gcc/arm-none-eabi/14.2.1/../../../../arm-none-eabi/lib/thumb/v7e-m+fp/hard/libg_nano.a(libc_a-nano-vfprintf_i.o)
                0x080093d8                _printf_common
 *fill*         0x080094b2        0x2 
 .text._printf_i
                0x080094b4      0x240 /home/saeed/Downloads/arm-gnu-toolchain-14.2.rel1-x86_64-arm-none-eabi/bin/../lib/gcc/arm-none-eabi/14.2.1/../../../../arm-none-eabi/lib/thumb/v7e-m+fp/hard/libg_nano.a(libc_a-nano-vfprintf_i.o)
                0x080094b4                _printf_i
 .text.__swbuf_r
                0x080096f4       0x7c /home/saeed/Downloads/arm-gnu-toolchain-14.2.rel1-x86_64-arm-none-eabi/bin/../lib/gcc/arm-none-eabi/14.2.1/../../../../arm-none-eabi/lib/thumb/v7e-m+fp/hard/libg_nano.a(libc_a-wbuf.o)
                0x080096f4                __swbuf_r
 .text.__swsetup_r
                0x08009770       0xa8 /home/saeed/Downloads/arm-gnu-toolchain-14.2.rel1-x86_64-arm-none-eabi/bin/../lib/gcc/arm-none-eabi/14.2.1/../../../../arm-none-eabi/lib/thumb/v7e-m+fp/hard/libg_nano.a(libc_a-wsetup.o)
                0x08009770                __swsetup_r
 .text.__swhatbuf_r
                0x08009818       0x48 /home/saeed/Downloads/arm-gnu-toolchain-14.2.rel1-x86_64-arm-none-eabi/bin/../lib/gcc/arm-none-eabi/14.2.1/../../../../arm-none-eabi/lib/thumb/v7e-m+fp/hard/libg_nano.a(libc_a-makebuf.o)
                0x08009818                __swhatbuf_r
 .text.__smakebuf_r
                0x08009860       0x72 /home/saeed/Downloads/arm-gnu-toolchain-14.2.rel1-x86_64-arm-none-eabi/bin/../lib/gcc/arm-none-eabi/14.2.1/../../../../arm-none-eabi/lib/thumb/v7e-m+fp/hard/libg_nano.a(libc_a-makebuf.o)
                0x08009860                __smakebuf_r
 *fill*         0x080098d2        0x2 
 .text._fstat_r
                0x080098d4       0x24 /home/saeed/Downloads/arm-gnu-toolchain-14.2.rel1-x86_64-arm-none-eabi/bin/../lib/gcc/arm-none-eabi/14.2.1/../../../../arm-none-eabi/lib/thumb/v7e-m+fp/hard/libg_nano.a(libc_a-fstatr.o)
                0x080098d4                _fstat_r
 .text._isatty_r
                0x080098f8       0x20 /home/saeed/Downloads/arm-gnu-toolchain-14.2.rel1-x86_64-arm-none-eabi/bin/../lib/gcc/arm-none-eabi/14.2.1/../../../../arm-none-eabi/lib/thumb/v7e-m+fp/hard/libg_nano.a(libc_a-isattyr.o)
                0x080098f8                _isatty_r
 *(.glue_7)
 .glue_7        0x08009918        0x0 linker stubs
 *(.glue_7t)
 .glue_7t       0x08009918        0x0 linker stubs
 *(.eh_frame)
 .eh_frame      0x08009918        0x0 /home/saeed/Downloads/arm-gnu-toolchain-14.2.rel1-x86_64-arm-none-eabi/bin/../lib/gcc/arm-none-eabi/14.2.1/thumb/v7e-m+fp/hard/crtbegin.o
 *(.init)
 .init          0x08009918        0x4 /home/saeed/Downloads/arm-gnu-toolchain-14.2.rel1-x86_64-arm-none-eabi/bin/../lib/gcc/arm-none-eabi/14.2.1/thumb/v7e-m+fp/hard/crti.o
                0x08009918                _init
 .init          0x0800991c        0x8 /home/saeed/Downloads/arm-gnu-toolchain-14.2.rel1-x86_64-arm-none-eabi/bin/../lib/gcc/arm-none-eabi/14.2.1/thumb/v7e-m+fp/hard/crtn.o
 *(.fini)
 .fini          0x08009924        0x4 /home/saeed/Downloads/arm-gnu-toolchain-14.2.rel1-x86_64-arm-none-eabi/bin/../lib/gcc/arm-none-eabi/14.2.1/thumb/v7e-m+fp/hard/crti.o
                0x08009924                _fini
 .fini          0x08009928        0x8 /home/saeed/Downloads/arm-gnu-toolchain-14.2.rel1-x86_64-arm-none-eabi/bin/../lib/gcc/arm-none-eabi/14.2.1/thumb/v7e-m+fp/hard/crtn.o
                0x08009930                        . = ALIGN (0x4)
                0x08009930                        _etext = .

.vfp11_veneer   0x08009930        0x0
 .vfp11_veneer  0x08009930        0x0 linker stubs

.v4_bx          0x08009930        0x0
 .v4_bx         0x08009930        0x0 linker stubs

.iplt           0x08009930        0x0
 .iplt          0x08009930        0x0 /home/saeed/Downloads/arm-gnu-toolchain-14.2.rel1-x86_64-arm-none-eabi/bin/../lib/gcc/arm-none-eabi/14.2.1/thumb/v7e-m+fp/hard/crtbegin.o

.rodata         0x08009930       0x5c
                0x08009930                        . = ALIGN (0x4)
 *(.rodata)
 .rodata        0x08009930        0x4 cmake/stm32cubemx/CMakeFiles/USB_Host_Library.dir/__/__/Middlewares/ST/STM32_USB_Host_Library/Class/CDC/Src/usbh_cdc.c.obj
 .rodata        0x08009934        0xc CMakeFiles/vscode_stm.dir/Core/Src/main.c.obj
 *(.rodata*)
 .rodata.AHBPrescTable
                0x08009940       0x10 cmake/stm32cubemx/CMakeFiles/STM32_Drivers.dir/__/__/Core/Src/system_stm32f4xx.c.obj
                0x08009940                AHBPrescTable
 .rodata.APBPrescTable
                0x08009950        0x8 cmake/stm32cubemx/CMakeFiles/STM32_Drivers.dir/__/__/Core/Src/system_stm32f4xx.c.obj
                0x08009950                APBPrescTable
 .rodata._vfprintf_r.str1.1
                0x08009958       0x33 /home/saeed/Downloads/arm-gnu-toolchain-14.2.rel1-x86_64-arm-none-eabi/bin/../lib/gcc/arm-none-eabi/14.2.1/../../../../arm-none-eabi/lib/thumb/v7e-m+fp/hard/libg_nano.a(libc_a-nano-vfprintf.o)
                                 0x11 (size before relaxing)
 .rodata._printf_i.str1.1
                0x0800998b       0x22 /home/saeed/Downloads/arm-gnu-toolchain-14.2.rel1-x86_64-arm-none-eabi/bin/../lib/gcc/arm-none-eabi/14.2.1/../../../../arm-none-eabi/lib/thumb/v7e-m+fp/hard/libg_nano.a(libc_a-nano-vfprintf_i.o)
                0x080099b0                        . = ALIGN (0x4)
 *fill*         0x0800998b        0x1 

.ARM.extab      0x0800998c        0x0
                0x0800998c                        . = ALIGN (0x4)
 *(.ARM.extab* .gnu.linkonce.armextab.*)
                0x0800998c                        . = ALIGN (0x4)

.ARM            0x0800998c        0x8
                0x0800998c                        . = ALIGN (0x4)
                0x0800998c                        __exidx_start = .
 *(.ARM.exidx*)
 .ARM.exidx     0x0800998c        0x8 /home/saeed/Downloads/arm-gnu-toolchain-14.2.rel1-x86_64-arm-none-eabi/bin/../lib/gcc/arm-none-eabi/14.2.1/../../../../arm-none-eabi/lib/thumb/v7e-m+fp/hard/libg_nano.a(libc_a-memchr.o)
 .ARM.exidx.text.__udivmoddi4
                0x08009994        0x0 /home/saeed/Downloads/arm-gnu-toolchain-14.2.rel1-x86_64-arm-none-eabi/bin/../lib/gcc/arm-none-eabi/14.2.1/thumb/v7e-m+fp/hard/libgcc.a(_udivmoddi4.o)
                                  0x8 (size before relaxing)
                0x08009994                        __exidx_end = .
                0x08009994                        . = ALIGN (0x4)

.preinit_array  0x08009994        0x0
                0x08009994                        . = ALIGN (0x4)
                0x08009994                        PROVIDE (__preinit_array_start = .)
 *(.preinit_array*)
                0x08009994                        PROVIDE (__preinit_array_end = .)
                0x08009994                        . = ALIGN (0x4)

.init_array     0x08009994        0x4
                0x08009994                        . = ALIGN (0x4)
                0x08009994                        PROVIDE (__init_array_start = .)
 *(SORT_BY_NAME(.init_array.*))
 *(.init_array*)
 .init_array    0x08009994        0x4 /home/saeed/Downloads/arm-gnu-toolchain-14.2.rel1-x86_64-arm-none-eabi/bin/../lib/gcc/arm-none-eabi/14.2.1/thumb/v7e-m+fp/hard/crtbegin.o
                0x08009998                        PROVIDE (__init_array_end = .)
                0x08009998                        . = ALIGN (0x4)

.fini_array     0x08009998        0x4
                0x08009998                        . = ALIGN (0x4)
                [!provide]                        PROVIDE (__fini_array_start = .)
 *(SORT_BY_NAME(.fini_array.*))
 *(.fini_array*)
 .fini_array    0x08009998        0x4 /home/saeed/Downloads/arm-gnu-toolchain-14.2.rel1-x86_64-arm-none-eabi/bin/../lib/gcc/arm-none-eabi/14.2.1/thumb/v7e-m+fp/hard/crtbegin.o
                [!provide]                        PROVIDE (__fini_array_end = .)
                0x0800999c                        . = ALIGN (0x4)
                0x0800999c                        _sidata = LOADADDR (.data)

.rel.dyn        0x0800999c        0x0
 .rel.iplt      0x0800999c        0x0 /home/saeed/Downloads/arm-gnu-toolchain-14.2.rel1-x86_64-arm-none-eabi/bin/../lib/gcc/arm-none-eabi/14.2.1/thumb/v7e-m+fp/hard/crtbegin.o

.data           0x20000000       0x88 load address 0x0800999c
                0x20000000                        . = ALIGN (0x4)
                0x20000000                        _sdata = .
 *(.data)
 *(.data*)
 .data.__sglue  0x20000000        0xc /home/saeed/Downloads/arm-gnu-toolchain-14.2.rel1-x86_64-arm-none-eabi/bin/../lib/gcc/arm-none-eabi/14.2.1/../../../../arm-none-eabi/lib/thumb/v7e-m+fp/hard/libc_nano.a(libc_a-findfp.o)
                0x20000000                __sglue
 .data._impure_ptr
                0x2000000c        0x4 /home/saeed/Downloads/arm-gnu-toolchain-14.2.rel1-x86_64-arm-none-eabi/bin/../lib/gcc/arm-none-eabi/14.2.1/../../../../arm-none-eabi/lib/thumb/v7e-m+fp/hard/libc_nano.a(libc_a-impure.o)
                0x2000000c                _impure_ptr
 .data._impure_data
                0x20000010       0x4c /home/saeed/Downloads/arm-gnu-toolchain-14.2.rel1-x86_64-arm-none-eabi/bin/../lib/gcc/arm-none-eabi/14.2.1/../../../../arm-none-eabi/lib/thumb/v7e-m+fp/hard/libc_nano.a(libc_a-impure.o)
                0x20000010                _impure_data
 .data.SystemCoreClock
                0x2000005c        0x4 cmake/stm32cubemx/CMakeFiles/STM32_Drivers.dir/__/__/Core/Src/system_stm32f4xx.c.obj
                0x2000005c                SystemCoreClock
 .data.uwTickPrio
                0x20000060        0x4 cmake/stm32cubemx/CMakeFiles/STM32_Drivers.dir/__/__/Drivers/STM32F4xx_HAL_Driver/Src/stm32f4xx_hal.c.obj
                0x20000060                uwTickPrio
 .data.uwTickFreq
                0x20000064        0x1 cmake/stm32cubemx/CMakeFiles/STM32_Drivers.dir/__/__/Drivers/STM32F4xx_HAL_Driver/Src/stm32f4xx_hal.c.obj
                0x20000064                uwTickFreq
 *fill*         0x20000065        0x3 
 .data.CDC_Class
                0x20000068       0x20 cmake/stm32cubemx/CMakeFiles/USB_Host_Library.dir/__/__/Middlewares/ST/STM32_USB_Host_Library/Class/CDC/Src/usbh_cdc.c.obj
                0x20000068                CDC_Class
 *(.RamFunc)
 *(.RamFunc*)
                0x20000088                        . = ALIGN (0x4)
                0x20000088                        _edata = .
                0x08009a24                        _siccmram = LOADADDR (.ccmram)

.tm_clone_table
                0x20000088        0x0 load address 0x08009a24
 .tm_clone_table
                0x20000088        0x0 /home/saeed/Downloads/arm-gnu-toolchain-14.2.rel1-x86_64-arm-none-eabi/bin/../lib/gcc/arm-none-eabi/14.2.1/thumb/v7e-m+fp/hard/crtbegin.o
 .tm_clone_table
                0x20000088        0x0 /home/saeed/Downloads/arm-gnu-toolchain-14.2.rel1-x86_64-arm-none-eabi/bin/../lib/gcc/arm-none-eabi/14.2.1/thumb/v7e-m+fp/hard/crtend.o

.igot.plt       0x20000088        0x0 load address 0x08009a24
 .igot.plt      0x20000088        0x0 /home/saeed/Downloads/arm-gnu-toolchain-14.2.rel1-x86_64-arm-none-eabi/bin/../lib/gcc/arm-none-eabi/14.2.1/thumb/v7e-m+fp/hard/crtbegin.o

.ccmram         0x10000000        0x0 load address 0x08009a24
                0x10000000                        . = ALIGN (0x4)
                0x10000000                        _sccmram = .
 *(.ccmram)
 *(.ccmram*)
                0x10000000                        . = ALIGN (0x4)
                0x10000000                        _eccmram = .
                0x10000000                        . = ALIGN (0x4)

.bss            0x20000088      0xa24
                0x20000088                        _sbss = .
                0x20000088                        __bss_start__ = _sbss
 *(.bss)
 *(.bss*)
 .bss.completed.1
                0x20000088        0x1 /home/saeed/Downloads/arm-gnu-toolchain-14.2.rel1-x86_64-arm-none-eabi/bin/../lib/gcc/arm-none-eabi/14.2.1/thumb/v7e-m+fp/hard/crtbegin.o
 *fill*         0x20000089        0x3 
 .bss.object.0  0x2000008c       0x18 /home/saeed/Downloads/arm-gnu-toolchain-14.2.rel1-x86_64-arm-none-eabi/bin/../lib/gcc/arm-none-eabi/14.2.1/thumb/v7e-m+fp/hard/crtbegin.o
 .bss.__sf      0x200000a4      0x138 /home/saeed/Downloads/arm-gnu-toolchain-14.2.rel1-x86_64-arm-none-eabi/bin/../lib/gcc/arm-none-eabi/14.2.1/../../../../arm-none-eabi/lib/thumb/v7e-m+fp/hard/libc_nano.a(libc_a-findfp.o)
                0x200000a4                __sf
 .bss.__stdio_exit_handler
                0x200001dc        0x4 /home/saeed/Downloads/arm-gnu-toolchain-14.2.rel1-x86_64-arm-none-eabi/bin/../lib/gcc/arm-none-eabi/14.2.1/../../../../arm-none-eabi/lib/thumb/v7e-m+fp/hard/libc_nano.a(libc_a-findfp.o)
                0x200001dc                __stdio_exit_handler
 .bss.errno     0x200001e0        0x4 /home/saeed/Downloads/arm-gnu-toolchain-14.2.rel1-x86_64-arm-none-eabi/bin/../lib/gcc/arm-none-eabi/14.2.1/../../../../arm-none-eabi/lib/thumb/v7e-m+fp/hard/libc_nano.a(libc_a-reent.o)
                0x200001e0                errno
 .bss.__lock___malloc_recursive_mutex
                0x200001e4        0x1 /home/saeed/Downloads/arm-gnu-toolchain-14.2.rel1-x86_64-arm-none-eabi/bin/../lib/gcc/arm-none-eabi/14.2.1/../../../../arm-none-eabi/lib/thumb/v7e-m+fp/hard/libc_nano.a(libc_a-lock.o)
                0x200001e4                __lock___malloc_recursive_mutex
 .bss.__lock___sfp_recursive_mutex
                0x200001e5        0x1 /home/saeed/Downloads/arm-gnu-toolchain-14.2.rel1-x86_64-arm-none-eabi/bin/../lib/gcc/arm-none-eabi/14.2.1/../../../../arm-none-eabi/lib/thumb/v7e-m+fp/hard/libc_nano.a(libc_a-lock.o)
                0x200001e5                __lock___sfp_recursive_mutex
 *fill*         0x200001e6        0x2 
 .bss.__malloc_sbrk_start
                0x200001e8        0x4 /home/saeed/Downloads/arm-gnu-toolchain-14.2.rel1-x86_64-arm-none-eabi/bin/../lib/gcc/arm-none-eabi/14.2.1/../../../../arm-none-eabi/lib/thumb/v7e-m+fp/hard/libc_nano.a(libc_a-mallocr.o)
                0x200001e8                __malloc_sbrk_start
 .bss.__malloc_free_list
                0x200001ec        0x4 /home/saeed/Downloads/arm-gnu-toolchain-14.2.rel1-x86_64-arm-none-eabi/bin/../lib/gcc/arm-none-eabi/14.2.1/../../../../arm-none-eabi/lib/thumb/v7e-m+fp/hard/libc_nano.a(libc_a-mallocr.o)
                0x200001ec                __malloc_free_list
 .bss.uwTick    0x200001f0        0x4 cmake/stm32cubemx/CMakeFiles/STM32_Drivers.dir/__/__/Drivers/STM32F4xx_HAL_Driver/Src/stm32f4xx_hal.c.obj
                0x200001f0                uwTick
 .bss.hUsbHostFS
                0x200001f4      0x3d8 CMakeFiles/vscode_stm.dir/USB_HOST/App/usb_host.c.obj
                0x200001f4                hUsbHostFS
 .bss.Appli_state
                0x200005cc        0x1 CMakeFiles/vscode_stm.dir/USB_HOST/App/usb_host.c.obj
                0x200005cc                Appli_state
 *fill*         0x200005cd        0x3 
 .bss.hhcd_USB_OTG_FS
                0x200005d0      0x3e0 CMakeFiles/vscode_stm.dir/USB_HOST/Target/usbh_conf.c.obj
                0x200005d0                hhcd_USB_OTG_FS
 .bss.hi2c1     0x200009b0       0x54 CMakeFiles/vscode_stm.dir/Core/Src/main.c.obj
                0x200009b0                hi2c1
 .bss.hi2s3     0x20000a04       0x48 CMakeFiles/vscode_stm.dir/Core/Src/main.c.obj
                0x20000a04                hi2s3
 .bss.hspi1     0x20000a4c       0x58 CMakeFiles/vscode_stm.dir/Core/Src/main.c.obj
                0x20000a4c                hspi1
 .bss.k         0x20000aa4        0x2 CMakeFiles/vscode_stm.dir/Core/Src/main.c.obj
                0x20000aa4                k
 *fill*         0x20000aa6        0x2 
 .bss.__sbrk_heap_end
                0x20000aa8        0x4 CMakeFiles/vscode_stm.dir/Core/Src/sysmem.c.obj
 *(COMMON)
                0x20000aac                        . = ALIGN (0x4)
                0x20000aac                        _ebss = .
                0x20000aac                        __bss_end__ = _ebss

._user_heap_stack
                0x20000aac      0x604
                0x20000ab0                        . = ALIGN (0x8)
 *fill*         0x20000aac        0x4 
                [!provide]                        PROVIDE (end = .)
                0x20000ab0                        PROVIDE (_end = .)
                0x20000cb0                        . = (. + _Min_Heap_Size)
 *fill*         0x20000ab0      0x200 
                0x200010b0                        . = (. + _Min_Stack_Size)
 *fill*         0x20000cb0      0x400 
                0x200010b0                        . = ALIGN (0x8)

/DISCARD/
 libc.a(*)
 libm.a(*)
 libgcc.a(*)
OUTPUT(vscode_stm.elf elf32-littlearm)
LOAD linker stubs
LOAD /home/saeed/Downloads/arm-gnu-toolchain-14.2.rel1-x86_64-arm-none-eabi/bin/../lib/gcc/arm-none-eabi/14.2.1/../../../../arm-none-eabi/lib/thumb/v7e-m+fp/hard/libc.a
LOAD /home/saeed/Downloads/arm-gnu-toolchain-14.2.rel1-x86_64-arm-none-eabi/bin/../lib/gcc/arm-none-eabi/14.2.1/../../../../arm-none-eabi/lib/thumb/v7e-m+fp/hard/libm.a
LOAD /home/saeed/Downloads/arm-gnu-toolchain-14.2.rel1-x86_64-arm-none-eabi/bin/../lib/gcc/arm-none-eabi/14.2.1/thumb/v7e-m+fp/hard/libgcc.a

.ARM.attributes
                0x00000000       0x30
 .ARM.attributes
                0x00000000       0x22 /home/saeed/Downloads/arm-gnu-toolchain-14.2.rel1-x86_64-arm-none-eabi/bin/../lib/gcc/arm-none-eabi/14.2.1/thumb/v7e-m+fp/hard/crti.o
 .ARM.attributes
                0x00000022       0x34 /home/saeed/Downloads/arm-gnu-toolchain-14.2.rel1-x86_64-arm-none-eabi/bin/../lib/gcc/arm-none-eabi/14.2.1/thumb/v7e-m+fp/hard/crtbegin.o
 .ARM.attributes
                0x00000056       0x34 /home/saeed/Downloads/arm-gnu-toolchain-14.2.rel1-x86_64-arm-none-eabi/bin/../lib/gcc/arm-none-eabi/14.2.1/../../../../arm-none-eabi/lib/thumb/v7e-m+fp/hard/libc_nano.a(libc_a-findfp.o)
 .ARM.attributes
                0x0000008a       0x34 /home/saeed/Downloads/arm-gnu-toolchain-14.2.rel1-x86_64-arm-none-eabi/bin/../lib/gcc/arm-none-eabi/14.2.1/../../../../arm-none-eabi/lib/thumb/v7e-m+fp/hard/libc_nano.a(libc_a-fwalk.o)
 .ARM.attributes
                0x000000be       0x34 /home/saeed/Downloads/arm-gnu-toolchain-14.2.rel1-x86_64-arm-none-eabi/bin/../lib/gcc/arm-none-eabi/14.2.1/../../../../arm-none-eabi/lib/thumb/v7e-m+fp/hard/libc_nano.a(libc_a-stdio.o)
 .ARM.attributes
                0x000000f2       0x34 /home/saeed/Downloads/arm-gnu-toolchain-14.2.rel1-x86_64-arm-none-eabi/bin/../lib/gcc/arm-none-eabi/14.2.1/../../../../arm-none-eabi/lib/thumb/v7e-m+fp/hard/libc_nano.a(libc_a-memset.o)
 .ARM.attributes
                0x00000126       0x34 /home/saeed/Downloads/arm-gnu-toolchain-14.2.rel1-x86_64-arm-none-eabi/bin/../lib/gcc/arm-none-eabi/14.2.1/../../../../arm-none-eabi/lib/thumb/v7e-m+fp/hard/libc_nano.a(libc_a-closer.o)
 .ARM.attributes
                0x0000015a       0x34 /home/saeed/Downloads/arm-gnu-toolchain-14.2.rel1-x86_64-arm-none-eabi/bin/../lib/gcc/arm-none-eabi/14.2.1/../../../../arm-none-eabi/lib/thumb/v7e-m+fp/hard/libc_nano.a(libc_a-reent.o)
 .ARM.attributes
                0x0000018e       0x34 /home/saeed/Downloads/arm-gnu-toolchain-14.2.rel1-x86_64-arm-none-eabi/bin/../lib/gcc/arm-none-eabi/14.2.1/../../../../arm-none-eabi/lib/thumb/v7e-m+fp/hard/libc_nano.a(libc_a-impure.o)
 .ARM.attributes
                0x000001c2       0x34 /home/saeed/Downloads/arm-gnu-toolchain-14.2.rel1-x86_64-arm-none-eabi/bin/../lib/gcc/arm-none-eabi/14.2.1/../../../../arm-none-eabi/lib/thumb/v7e-m+fp/hard/libc_nano.a(libc_a-lseekr.o)
 .ARM.attributes
                0x000001f6       0x34 /home/saeed/Downloads/arm-gnu-toolchain-14.2.rel1-x86_64-arm-none-eabi/bin/../lib/gcc/arm-none-eabi/14.2.1/../../../../arm-none-eabi/lib/thumb/v7e-m+fp/hard/libc_nano.a(libc_a-readr.o)
 .ARM.attributes
                0x0000022a       0x34 /home/saeed/Downloads/arm-gnu-toolchain-14.2.rel1-x86_64-arm-none-eabi/bin/../lib/gcc/arm-none-eabi/14.2.1/../../../../arm-none-eabi/lib/thumb/v7e-m+fp/hard/libc_nano.a(libc_a-writer.o)
 .ARM.attributes
                0x0000025e       0x34 /home/saeed/Downloads/arm-gnu-toolchain-14.2.rel1-x86_64-arm-none-eabi/bin/../lib/gcc/arm-none-eabi/14.2.1/../../../../arm-none-eabi/lib/thumb/v7e-m+fp/hard/libc_nano.a(libc_a-init.o)
 .ARM.attributes
                0x00000292       0x34 /home/saeed/Downloads/arm-gnu-toolchain-14.2.rel1-x86_64-arm-none-eabi/bin/../lib/gcc/arm-none-eabi/14.2.1/../../../../arm-none-eabi/lib/thumb/v7e-m+fp/hard/libc_nano.a(libc_a-lock.o)
 .ARM.attributes
                0x000002c6       0x34 /home/saeed/Downloads/arm-gnu-toolchain-14.2.rel1-x86_64-arm-none-eabi/bin/../lib/gcc/arm-none-eabi/14.2.1/../../../../arm-none-eabi/lib/thumb/v7e-m+fp/hard/libc_nano.a(libc_a-freer.o)
 .ARM.attributes
                0x000002fa       0x34 /home/saeed/Downloads/arm-gnu-toolchain-14.2.rel1-x86_64-arm-none-eabi/bin/../lib/gcc/arm-none-eabi/14.2.1/../../../../arm-none-eabi/lib/thumb/v7e-m+fp/hard/libc_nano.a(libc_a-mallocr.o)
 .ARM.attributes
                0x0000032e       0x34 /home/saeed/Downloads/arm-gnu-toolchain-14.2.rel1-x86_64-arm-none-eabi/bin/../lib/gcc/arm-none-eabi/14.2.1/../../../../arm-none-eabi/lib/thumb/v7e-m+fp/hard/libc_nano.a(libc_a-mlock.o)
 .ARM.attributes
                0x00000362       0x34 /home/saeed/Downloads/arm-gnu-toolchain-14.2.rel1-x86_64-arm-none-eabi/bin/../lib/gcc/arm-none-eabi/14.2.1/../../../../arm-none-eabi/lib/thumb/v7e-m+fp/hard/libc_nano.a(libc_a-fflush.o)
 .ARM.attributes
                0x00000396       0x34 /home/saeed/Downloads/arm-gnu-toolchain-14.2.rel1-x86_64-arm-none-eabi/bin/../lib/gcc/arm-none-eabi/14.2.1/../../../../arm-none-eabi/lib/thumb/v7e-m+fp/hard/libc_nano.a(libc_a-sbrkr.o)
 .ARM.attributes
                0x000003ca       0x34 cmake/stm32cubemx/CMakeFiles/STM32_Drivers.dir/__/__/Core/Src/system_stm32f4xx.c.obj
 .ARM.attributes
                0x000003fe       0x34 cmake/stm32cubemx/CMakeFiles/STM32_Drivers.dir/__/__/Drivers/STM32F4xx_HAL_Driver/Src/stm32f4xx_hal_hcd.c.obj
 .ARM.attributes
                0x00000432       0x34 cmake/stm32cubemx/CMakeFiles/STM32_Drivers.dir/__/__/Drivers/STM32F4xx_HAL_Driver/Src/stm32f4xx_ll_usb.c.obj
 .ARM.attributes
                0x00000466       0x34 cmake/stm32cubemx/CMakeFiles/STM32_Drivers.dir/__/__/Drivers/STM32F4xx_HAL_Driver/Src/stm32f4xx_hal_rcc.c.obj
 .ARM.attributes
                0x0000049a       0x34 cmake/stm32cubemx/CMakeFiles/STM32_Drivers.dir/__/__/Drivers/STM32F4xx_HAL_Driver/Src/stm32f4xx_hal_rcc_ex.c.obj
 .ARM.attributes
                0x000004ce       0x34 cmake/stm32cubemx/CMakeFiles/STM32_Drivers.dir/__/__/Drivers/STM32F4xx_HAL_Driver/Src/stm32f4xx_hal_gpio.c.obj
 .ARM.attributes
                0x00000502       0x34 cmake/stm32cubemx/CMakeFiles/STM32_Drivers.dir/__/__/Drivers/STM32F4xx_HAL_Driver/Src/stm32f4xx_hal_cortex.c.obj
 .ARM.attributes
                0x00000536       0x34 cmake/stm32cubemx/CMakeFiles/STM32_Drivers.dir/__/__/Drivers/STM32F4xx_HAL_Driver/Src/stm32f4xx_hal.c.obj
 .ARM.attributes
                0x0000056a       0x34 cmake/stm32cubemx/CMakeFiles/STM32_Drivers.dir/__/__/Drivers/STM32F4xx_HAL_Driver/Src/stm32f4xx_hal_i2c.c.obj
 .ARM.attributes
                0x0000059e       0x34 cmake/stm32cubemx/CMakeFiles/STM32_Drivers.dir/__/__/Drivers/STM32F4xx_HAL_Driver/Src/stm32f4xx_hal_i2s.c.obj
 .ARM.attributes
                0x000005d2       0x34 cmake/stm32cubemx/CMakeFiles/STM32_Drivers.dir/__/__/Drivers/STM32F4xx_HAL_Driver/Src/stm32f4xx_hal_i2s_ex.c.obj
 .ARM.attributes
                0x00000606       0x34 cmake/stm32cubemx/CMakeFiles/STM32_Drivers.dir/__/__/Drivers/STM32F4xx_HAL_Driver/Src/stm32f4xx_hal_spi.c.obj
 .ARM.attributes
                0x0000063a       0x34 cmake/stm32cubemx/CMakeFiles/USB_Host_Library.dir/__/__/Middlewares/ST/STM32_USB_Host_Library/Core/Src/usbh_core.c.obj
 .ARM.attributes
                0x0000066e       0x34 cmake/stm32cubemx/CMakeFiles/USB_Host_Library.dir/__/__/Middlewares/ST/STM32_USB_Host_Library/Core/Src/usbh_ctlreq.c.obj
 .ARM.attributes
                0x000006a2       0x34 cmake/stm32cubemx/CMakeFiles/USB_Host_Library.dir/__/__/Middlewares/ST/STM32_USB_Host_Library/Core/Src/usbh_ioreq.c.obj
 .ARM.attributes
                0x000006d6       0x34 cmake/stm32cubemx/CMakeFiles/USB_Host_Library.dir/__/__/Middlewares/ST/STM32_USB_Host_Library/Core/Src/usbh_pipes.c.obj
 .ARM.attributes
                0x0000070a       0x34 cmake/stm32cubemx/CMakeFiles/USB_Host_Library.dir/__/__/Middlewares/ST/STM32_USB_Host_Library/Class/CDC/Src/usbh_cdc.c.obj
 .ARM.attributes
                0x0000073e       0x34 CMakeFiles/vscode_stm.dir/USB_HOST/App/usb_host.c.obj
 .ARM.attributes
                0x00000772       0x34 CMakeFiles/vscode_stm.dir/USB_HOST/Target/usbh_conf.c.obj
 .ARM.attributes
                0x000007a6       0x34 CMakeFiles/vscode_stm.dir/USB_HOST/Target/usbh_platform.c.obj
 .ARM.attributes
                0x000007da       0x34 CMakeFiles/vscode_stm.dir/Core/Src/main.c.obj
 .ARM.attributes
                0x0000080e       0x34 CMakeFiles/vscode_stm.dir/Core/Src/stm32f4xx_it.c.obj
 .ARM.attributes
                0x00000842       0x34 CMakeFiles/vscode_stm.dir/Core/Src/stm32f4xx_hal_msp.c.obj
 .ARM.attributes
                0x00000876       0x34 CMakeFiles/vscode_stm.dir/Core/Src/sysmem.c.obj
 .ARM.attributes
                0x000008aa       0x34 CMakeFiles/vscode_stm.dir/Core/Src/syscalls.c.obj
 .ARM.attributes
                0x000008de       0x21 CMakeFiles/vscode_stm.dir/startup_stm32f407xx.s.obj
 .ARM.attributes
                0x000008ff       0x22 /home/saeed/Downloads/arm-gnu-toolchain-14.2.rel1-x86_64-arm-none-eabi/bin/../lib/gcc/arm-none-eabi/14.2.1/thumb/v7e-m+fp/hard/libgcc.a(_aeabi_uldivmod.o)
 .ARM.attributes
                0x00000921       0x34 /home/saeed/Downloads/arm-gnu-toolchain-14.2.rel1-x86_64-arm-none-eabi/bin/../lib/gcc/arm-none-eabi/14.2.1/thumb/v7e-m+fp/hard/libgcc.a(_udivmoddi4.o)
 .ARM.attributes
                0x00000955       0x22 /home/saeed/Downloads/arm-gnu-toolchain-14.2.rel1-x86_64-arm-none-eabi/bin/../lib/gcc/arm-none-eabi/14.2.1/thumb/v7e-m+fp/hard/libgcc.a(_dvmd_tls.o)
 .ARM.attributes
                0x00000977       0x34 /home/saeed/Downloads/arm-gnu-toolchain-14.2.rel1-x86_64-arm-none-eabi/bin/../lib/gcc/arm-none-eabi/14.2.1/../../../../arm-none-eabi/lib/thumb/v7e-m+fp/hard/libg_nano.a(libc_a-malloc.o)
 .ARM.attributes
                0x000009ab       0x34 /home/saeed/Downloads/arm-gnu-toolchain-14.2.rel1-x86_64-arm-none-eabi/bin/../lib/gcc/arm-none-eabi/14.2.1/../../../../arm-none-eabi/lib/thumb/v7e-m+fp/hard/libg_nano.a(libc_a-printf.o)
 .ARM.attributes
                0x000009df       0x34 /home/saeed/Downloads/arm-gnu-toolchain-14.2.rel1-x86_64-arm-none-eabi/bin/../lib/gcc/arm-none-eabi/14.2.1/../../../../arm-none-eabi/lib/thumb/v7e-m+fp/hard/libg_nano.a(libc_a-errno.o)
 .ARM.attributes
                0x00000a13       0x34 /home/saeed/Downloads/arm-gnu-toolchain-14.2.rel1-x86_64-arm-none-eabi/bin/../lib/gcc/arm-none-eabi/14.2.1/../../../../arm-none-eabi/lib/thumb/v7e-m+fp/hard/libg_nano.a(libc_a-nano-vfprintf.o)
 .ARM.attributes
                0x00000a47       0x34 /home/saeed/Downloads/arm-gnu-toolchain-14.2.rel1-x86_64-arm-none-eabi/bin/../lib/gcc/arm-none-eabi/14.2.1/../../../../arm-none-eabi/lib/thumb/v7e-m+fp/hard/libg_nano.a(libc_a-nano-vfprintf_i.o)
 .ARM.attributes
                0x00000a7b       0x34 /home/saeed/Downloads/arm-gnu-toolchain-14.2.rel1-x86_64-arm-none-eabi/bin/../lib/gcc/arm-none-eabi/14.2.1/../../../../arm-none-eabi/lib/thumb/v7e-m+fp/hard/libg_nano.a(libc_a-wbuf.o)
 .ARM.attributes
                0x00000aaf       0x34 /home/saeed/Downloads/arm-gnu-toolchain-14.2.rel1-x86_64-arm-none-eabi/bin/../lib/gcc/arm-none-eabi/14.2.1/../../../../arm-none-eabi/lib/thumb/v7e-m+fp/hard/libg_nano.a(libc_a-wsetup.o)
 .ARM.attributes
                0x00000ae3       0x1c /home/saeed/Downloads/arm-gnu-toolchain-14.2.rel1-x86_64-arm-none-eabi/bin/../lib/gcc/arm-none-eabi/14.2.1/../../../../arm-none-eabi/lib/thumb/v7e-m+fp/hard/libg_nano.a(libc_a-memchr.o)
 .ARM.attributes
                0x00000aff       0x34 /home/saeed/Downloads/arm-gnu-toolchain-14.2.rel1-x86_64-arm-none-eabi/bin/../lib/gcc/arm-none-eabi/14.2.1/../../../../arm-none-eabi/lib/thumb/v7e-m+fp/hard/libg_nano.a(libc_a-makebuf.o)
 .ARM.attributes
                0x00000b33       0x34 /home/saeed/Downloads/arm-gnu-toolchain-14.2.rel1-x86_64-arm-none-eabi/bin/../lib/gcc/arm-none-eabi/14.2.1/../../../../arm-none-eabi/lib/thumb/v7e-m+fp/hard/libg_nano.a(libc_a-fstatr.o)
 .ARM.attributes
                0x00000b67       0x34 /home/saeed/Downloads/arm-gnu-toolchain-14.2.rel1-x86_64-arm-none-eabi/bin/../lib/gcc/arm-none-eabi/14.2.1/../../../../arm-none-eabi/lib/thumb/v7e-m+fp/hard/libg_nano.a(libc_a-isattyr.o)
 .ARM.attributes
                0x00000b9b       0x34 /home/saeed/Downloads/arm-gnu-toolchain-14.2.rel1-x86_64-arm-none-eabi/bin/../lib/gcc/arm-none-eabi/14.2.1/thumb/v7e-m+fp/hard/crtend.o
 .ARM.attributes
                0x00000bcf       0x22 /home/saeed/Downloads/arm-gnu-toolchain-14.2.rel1-x86_64-arm-none-eabi/bin/../lib/gcc/arm-none-eabi/14.2.1/thumb/v7e-m+fp/hard/crtn.o

.comment        0x00000000       0x45
 .comment       0x00000000       0x45 cmake/stm32cubemx/CMakeFiles/STM32_Drivers.dir/__/__/Core/Src/system_stm32f4xx.c.obj
                                 0x46 (size before relaxing)
 .comment       0x00000045       0x46 cmake/stm32cubemx/CMakeFiles/STM32_Drivers.dir/__/__/Drivers/STM32F4xx_HAL_Driver/Src/stm32f4xx_hal_hcd.c.obj
 .comment       0x00000045       0x46 cmake/stm32cubemx/CMakeFiles/STM32_Drivers.dir/__/__/Drivers/STM32F4xx_HAL_Driver/Src/stm32f4xx_ll_usb.c.obj
 .comment       0x00000045       0x46 cmake/stm32cubemx/CMakeFiles/STM32_Drivers.dir/__/__/Drivers/STM32F4xx_HAL_Driver/Src/stm32f4xx_hal_rcc.c.obj
 .comment       0x00000045       0x46 cmake/stm32cubemx/CMakeFiles/STM32_Drivers.dir/__/__/Drivers/STM32F4xx_HAL_Driver/Src/stm32f4xx_hal_rcc_ex.c.obj
 .comment       0x00000045       0x46 cmake/stm32cubemx/CMakeFiles/STM32_Drivers.dir/__/__/Drivers/STM32F4xx_HAL_Driver/Src/stm32f4xx_hal_gpio.c.obj
 .comment       0x00000045       0x46 cmake/stm32cubemx/CMakeFiles/STM32_Drivers.dir/__/__/Drivers/STM32F4xx_HAL_Driver/Src/stm32f4xx_hal_cortex.c.obj
 .comment       0x00000045       0x46 cmake/stm32cubemx/CMakeFiles/STM32_Drivers.dir/__/__/Drivers/STM32F4xx_HAL_Driver/Src/stm32f4xx_hal.c.obj
 .comment       0x00000045       0x46 cmake/stm32cubemx/CMakeFiles/STM32_Drivers.dir/__/__/Drivers/STM32F4xx_HAL_Driver/Src/stm32f4xx_hal_i2c.c.obj
 .comment       0x00000045       0x46 cmake/stm32cubemx/CMakeFiles/STM32_Drivers.dir/__/__/Drivers/STM32F4xx_HAL_Driver/Src/stm32f4xx_hal_i2s.c.obj
 .comment       0x00000045       0x46 cmake/stm32cubemx/CMakeFiles/STM32_Drivers.dir/__/__/Drivers/STM32F4xx_HAL_Driver/Src/stm32f4xx_hal_i2s_ex.c.obj
 .comment       0x00000045       0x46 cmake/stm32cubemx/CMakeFiles/STM32_Drivers.dir/__/__/Drivers/STM32F4xx_HAL_Driver/Src/stm32f4xx_hal_spi.c.obj
 .comment       0x00000045       0x46 cmake/stm32cubemx/CMakeFiles/USB_Host_Library.dir/__/__/Middlewares/ST/STM32_USB_Host_Library/Core/Src/usbh_core.c.obj
 .comment       0x00000045       0x46 cmake/stm32cubemx/CMakeFiles/USB_Host_Library.dir/__/__/Middlewares/ST/STM32_USB_Host_Library/Core/Src/usbh_ctlreq.c.obj
 .comment       0x00000045       0x46 cmake/stm32cubemx/CMakeFiles/USB_Host_Library.dir/__/__/Middlewares/ST/STM32_USB_Host_Library/Core/Src/usbh_ioreq.c.obj
 .comment       0x00000045       0x46 cmake/stm32cubemx/CMakeFiles/USB_Host_Library.dir/__/__/Middlewares/ST/STM32_USB_Host_Library/Core/Src/usbh_pipes.c.obj